192.168.1.207 - - [26/Dec/2018:16:58:04 +0800] "POST /examcount/reflush HTTP/1.1" 200 27 "http://192.168.1.21:63341/exam_prompt.html" "Mozilla/5.0 (Windows NT 10.0; Win64; x64; rv:64.0) Gecko/20100101 Firefox/64.0"
192.168.1.21 - - [26/Dec/2018:16:58:08 +0800] "POST /examcount/reflush HTTP/1.1" 200 27 "http://192.168.1.21:63341/exam_prompt.html?code=F973A22CBDA8615BD32A9595B96408E8E61D34140DFAB6A1D5FB209B4BFE0966" "Mozilla/5.0 (Windows NT 6.1; Win64; x64) AppleWebKit/537.36 (KHTML, like Gecko) Chrome/67.0.3396.99 Safari/537.36"
192.168.1.207 - - [26/Dec/2018:16:58:09 +0800] "POST /examcount/reflush HTTP/1.1" 200 27 "http://192.168.1.21:63341/exam_prompt.html" "Mozilla/5.0 (Windows NT 10.0; Win64; x64; rv:64.0) Gecko/20100101 Firefox/64.0"
192.168.1.21 - - [26/Dec/2018:16:58:13 +0800] "POST /examcount/reflush HTTP/1.1" 200 27 "http://192.168.1.21:63341/exam_prompt.html?code=F973A22CBDA8615BD32A9595B96408E8E61D34140DFAB6A1D5FB209B4BFE0966" "Mozilla/5.0 (Windows NT 6.1; Win64; x64) AppleWebKit/537.36 (KHTML, like Gecko) Chrome/67.0.3396.99 Safari/537.36"
192.168.1.207 - - [26/Dec/2018:16:58:14 +0800] "POST /examcount/reflush HTTP/1.1" 200 27 "http://192.168.1.21:63341/exam_prompt.html" "Mozilla/5.0 (Windows NT 10.0; Win64; x64; rv:64.0) Gecko/20100101 Firefox/64.0"
192.168.1.21 - - [26/Dec/2018:16:58:18 +0800] "POST /examcount/reflush HTTP/1.1" 200 27 "http://192.168.1.21:63341/exam_prompt.html?code=F973A22CBDA8615BD32A9595B96408E8E61D34140DFAB6A1D5FB209B4BFE0966" "Mozilla/5.0 (Windows NT 6.1; Win64; x64) AppleWebKit/537.36 (KHTML, like Gecko) Chrome/67.0.3396.99 Safari/537.36"
192.168.1.207 - - [26/Dec/2018:16:58:19 +0800] "POST /examcount/reflush HTTP/1.1" 200 27 "http://192.168.1.21:63341/exam_prompt.html" "Mozilla/5.0 (Windows NT 10.0; Win64; x64; rv:64.0) Gecko/20100101 Firefox/64.0"
192.168.1.21 - - [26/Dec/2018:16:58:23 +0800] "POST /examcount/reflush HTTP/1.1" 200 27 "http://192.168.1.21:63341/exam_prompt.html?code=F973A22CBDA8615BD32A9595B96408E8E61D34140DFAB6A1D5FB209B4BFE0966" "Mozilla/5.0 (Windows NT 6.1; Win64; x64) AppleWebKit/537.36 (KHTML, like Gecko) Chrome/67.0.3396.99 Safari/537.36"
192.168.1.207 - - [26/Dec/2018:16:58:24 +0800] "POST /examcount/reflush HTTP/1.1" 200 27 "http://192.168.1.21:63341/exam_prompt.html" "Mozilla/5.0 (Windows NT 10.0; Win64; x64; rv:64.0) Gecko/20100101 Firefox/64.0"
192.168.1.21 - - [26/Dec/2018:16:58:28 +0800] "POST /examcount/reflush HTTP/1.1" 200 27 "http://192.168.1.21:63341/exam_prompt.html?code=F973A22CBDA8615BD32A9595B96408E8E61D34140DFAB6A1D5FB209B4BFE0966" "Mozilla/5.0 (Windows NT 6.1; Win64; x64) AppleWebKit/537.36 (KHTML, like Gecko) Chrome/67.0.3396.99 Safari/537.36"
192.168.1.207 - - [26/Dec/2018:16:58:29 +0800] "POST /examcount/reflush HTTP/1.1" 200 27 "http://192.168.1.21:63341/exam_prompt.html" "Mozilla/5.0 (Windows NT 10.0; Win64; x64; rv:64.0) Gecko/20100101 Firefox/64.0"
192.168.1.21 - - [26/Dec/2018:16:58:33 +0800] "POST /examcount/reflush HTTP/1.1" 200 27 "http://192.168.1.21:63341/exam_prompt.html?code=F973A22CBDA8615BD32A9595B96408E8E61D34140DFAB6A1D5FB209B4BFE0966" "Mozilla/5.0 (Windows NT 6.1; Win64; x64) AppleWebKit/537.36 (KHTML, like Gecko) Chrome/67.0.3396.99 Safari/537.36"
192.168.1.207 - - [26/Dec/2018:16:58:34 +0800] "POST /examcount/reflush HTTP/1.1" 200 27 "http://192.168.1.21:63341/exam_prompt.html" "Mozilla/5.0 (Windows NT 10.0; Win64; x64; rv:64.0) Gecko/20100101 Firefox/64.0"
192.168.1.21 - - [26/Dec/2018:16:58:38 +0800] "POST /examcount/reflush HTTP/1.1" 200 27 "http://192.168.1.21:63341/exam_prompt.html?code=F973A22CBDA8615BD32A9595B96408E8E61D34140DFAB6A1D5FB209B4BFE0966" "Mozilla/5.0 (Windows NT 6.1; Win64; x64) AppleWebKit/537.36 (KHTML, like Gecko) Chrome/67.0.3396.99 Safari/537.36"
192.168.1.207 - - [26/Dec/2018:16:58:39 +0800] "POST /examcount/reflush HTTP/1.1" 200 27 "http://192.168.1.21:63341/exam_prompt.html" "Mozilla/5.0 (Windows NT 10.0; Win64; x64; rv:64.0) Gecko/20100101 Firefox/64.0"
192.168.1.21 - - [26/Dec/2018:16:58:43 +0800] "POST /examcount/reflush HTTP/1.1" 200 27 "http://192.168.1.21:63341/exam_prompt.html?code=F973A22CBDA8615BD32A9595B96408E8E61D34140DFAB6A1D5FB209B4BFE0966" "Mozilla/5.0 (Windows NT 6.1; Win64; x64) AppleWebKit/537.36 (KHTML, like Gecko) Chrome/67.0.3396.99 Safari/537.36"
192.168.1.207 - - [26/Dec/2018:16:58:44 +0800] "POST /examcount/reflush HTTP/1.1" 200 27 "http://192.168.1.21:63341/exam_prompt.html" "Mozilla/5.0 (Windows NT 10.0; Win64; x64; rv:64.0) Gecko/20100101 Firefox/64.0"
192.168.1.21 - - [26/Dec/2018:16:58:48 +0800] "POST /examcount/reflush HTTP/1.1" 200 27 "http://192.168.1.21:63341/exam_prompt.html?code=F973A22CBDA8615BD32A9595B96408E8E61D34140DFAB6A1D5FB209B4BFE0966" "Mozilla/5.0 (Windows NT 6.1; Win64; x64) AppleWebKit/537.36 (KHTML, like Gecko) Chrome/67.0.3396.99 Safari/537.36"
192.168.1.207 - - [26/Dec/2018:16:58:49 +0800] "POST /examcount/reflush HTTP/1.1" 200 27 "http://192.168.1.21:63341/exam_prompt.html" "Mozilla/5.0 (Windows NT 10.0; Win64; x64; rv:64.0) Gecko/20100101 Firefox/64.0"
192.168.1.21 - - [26/Dec/2018:16:58:53 +0800] "POST /examcount/reflush HTTP/1.1" 200 27 "http://192.168.1.21:63341/exam_prompt.html?code=F973A22CBDA8615BD32A9595B96408E8E61D34140DFAB6A1D5FB209B4BFE0966" "Mozilla/5.0 (Windows NT 6.1; Win64; x64) AppleWebKit/537.36 (KHTML, like Gecko) Chrome/67.0.3396.99 Safari/537.36"
192.168.1.207 - - [26/Dec/2018:16:58:54 +0800] "POST /examcount/reflush HTTP/1.1" 200 27 "http://192.168.1.21:63341/exam_prompt.html" "Mozilla/5.0 (Windows NT 10.0; Win64; x64; rv:64.0) Gecko/20100101 Firefox/64.0"
192.168.1.21 - - [26/Dec/2018:16:58:58 +0800] "POST /examcount/reflush HTTP/1.1" 200 27 "http://192.168.1.21:63341/exam_prompt.html?code=F973A22CBDA8615BD32A9595B96408E8E61D34140DFAB6A1D5FB209B4BFE0966" "Mozilla/5.0 (Windows NT 6.1; Win64; x64) AppleWebKit/537.36 (KHTML, like Gecko) Chrome/67.0.3396.99 Safari/537.36"
192.168.1.207 - - [26/Dec/2018:16:58:59 +0800] "POST /examcount/reflush HTTP/1.1" 200 27 "http://192.168.1.21:63341/exam_prompt.html" "Mozilla/5.0 (Windows NT 10.0; Win64; x64; rv:64.0) Gecko/20100101 Firefox/64.0"
192.168.1.21 - - [26/Dec/2018:16:59:03 +0800] "POST /examcount/reflush HTTP/1.1" 200 27 "http://192.168.1.21:63341/exam_prompt.html?code=F973A22CBDA8615BD32A9595B96408E8E61D34140DFAB6A1D5FB209B4BFE0966" "Mozilla/5.0 (Windows NT 6.1; Win64; x64) AppleWebKit/537.36 (KHTML, like Gecko) Chrome/67.0.3396.99 Safari/537.36"
192.168.1.207 - - [26/Dec/2018:16:59:04 +0800] "POST /examcount/reflush HTTP/1.1" 200 27 "http://192.168.1.21:63341/exam_prompt.html" "Mozilla/5.0 (Windows NT 10.0; Win64; x64; rv:64.0) Gecko/20100101 Firefox/64.0"
192.168.1.21 - - [26/Dec/2018:16:59:08 +0800] "POST /examcount/reflush HTTP/1.1" 200 27 "http://192.168.1.21:63341/exam_prompt.html?code=F973A22CBDA8615BD32A9595B96408E8E61D34140DFAB6A1D5FB209B4BFE0966" "Mozilla/5.0 (Windows NT 6.1; Win64; x64) AppleWebKit/537.36 (KHTML, like Gecko) Chrome/67.0.3396.99 Safari/537.36"
192.168.1.207 - - [26/Dec/2018:16:59:09 +0800] "POST /examcount/reflush HTTP/1.1" 200 27 "http://192.168.1.21:63341/exam_prompt.html" "Mozilla/5.0 (Windows NT 10.0; Win64; x64; rv:64.0) Gecko/20100101 Firefox/64.0"
192.168.1.21 - - [26/Dec/2018:16:59:13 +0800] "POST /examcount/reflush HTTP/1.1" 200 27 "http://192.168.1.21:63341/exam_prompt.html?code=F973A22CBDA8615BD32A9595B96408E8E61D34140DFAB6A1D5FB209B4BFE0966" "Mozilla/5.0 (Windows NT 6.1; Win64; x64) AppleWebKit/537.36 (KHTML, like Gecko) Chrome/67.0.3396.99 Safari/537.36"
192.168.1.207 - - [26/Dec/2018:16:59:14 +0800] "POST /examcount/reflush HTTP/1.1" 200 27 "http://192.168.1.21:63341/exam_prompt.html" "Mozilla/5.0 (Windows NT 10.0; Win64; x64; rv:64.0) Gecko/20100101 Firefox/64.0"
192.168.1.21 - - [26/Dec/2018:16:59:18 +0800] "POST /examcount/reflush HTTP/1.1" 200 27 "http://192.168.1.21:63341/exam_prompt.html?code=F973A22CBDA8615BD32A9595B96408E8E61D34140DFAB6A1D5FB209B4BFE0966" "Mozilla/5.0 (Windows NT 6.1; Win64; x64) AppleWebKit/537.36 (KHTML, like Gecko) Chrome/67.0.3396.99 Safari/537.36"
192.168.1.207 - - [26/Dec/2018:16:59:19 +0800] "POST /examcount/reflush HTTP/1.1" 200 27 "http://192.168.1.21:63341/exam_prompt.html" "Mozilla/5.0 (Windows NT 10.0; Win64; x64; rv:64.0) Gecko/20100101 Firefox/64.0"
192.168.1.21 - - [26/Dec/2018:16:59:23 +0800] "POST /examcount/reflush HTTP/1.1" 200 27 "http://192.168.1.21:63341/exam_prompt.html?code=F973A22CBDA8615BD32A9595B96408E8E61D34140DFAB6A1D5FB209B4BFE0966" "Mozilla/5.0 (Windows NT 6.1; Win64; x64) AppleWebKit/537.36 (KHTML, like Gecko) Chrome/67.0.3396.99 Safari/537.36"
192.168.1.207 - - [26/Dec/2018:16:59:24 +0800] "POST /examcount/reflush HTTP/1.1" 200 27 "http://192.168.1.21:63341/exam_prompt.html" "Mozilla/5.0 (Windows NT 10.0; Win64; x64; rv:64.0) Gecko/20100101 Firefox/64.0"
192.168.1.21 - - [26/Dec/2018:16:59:28 +0800] "POST /examcount/reflush HTTP/1.1" 200 27 "http://192.168.1.21:63341/exam_prompt.html?code=F973A22CBDA8615BD32A9595B96408E8E61D34140DFAB6A1D5FB209B4BFE0966" "Mozilla/5.0 (Windows NT 6.1; Win64; x64) AppleWebKit/537.36 (KHTML, like Gecko) Chrome/67.0.3396.99 Safari/537.36"
192.168.1.207 - - [26/Dec/2018:16:59:29 +0800] "POST /examcount/reflush HTTP/1.1" 200 27 "http://192.168.1.21:63341/exam_prompt.html" "Mozilla/5.0 (Windows NT 10.0; Win64; x64; rv:64.0) Gecko/20100101 Firefox/64.0"
192.168.1.21 - - [26/Dec/2018:16:59:33 +0800] "POST /examcount/reflush HTTP/1.1" 200 27 "http://192.168.1.21:63341/exam_prompt.html?code=F973A22CBDA8615BD32A9595B96408E8E61D34140DFAB6A1D5FB209B4BFE0966" "Mozilla/5.0 (Windows NT 6.1; Win64; x64) AppleWebKit/537.36 (KHTML, like Gecko) Chrome/67.0.3396.99 Safari/537.36"
192.168.1.207 - - [26/Dec/2018:16:59:34 +0800] "POST /examcount/reflush HTTP/1.1" 200 27 "http://192.168.1.21:63341/exam_prompt.html" "Mozilla/5.0 (Windows NT 10.0; Win64; x64; rv:64.0) Gecko/20100101 Firefox/64.0"
192.168.1.21 - - [26/Dec/2018:16:59:38 +0800] "POST /examcount/reflush HTTP/1.1" 200 27 "http://192.168.1.21:63341/exam_prompt.html?code=F973A22CBDA8615BD32A9595B96408E8E61D34140DFAB6A1D5FB209B4BFE0966" "Mozilla/5.0 (Windows NT 6.1; Win64; x64) AppleWebKit/537.36 (KHTML, like Gecko) Chrome/67.0.3396.99 Safari/537.36"
192.168.1.207 - - [26/Dec/2018:16:59:39 +0800] "POST /examcount/reflush HTTP/1.1" 200 27 "http://192.168.1.21:63341/exam_prompt.html" "Mozilla/5.0 (Windows NT 10.0; Win64; x64; rv:64.0) Gecko/20100101 Firefox/64.0"
192.168.1.21 - - [26/Dec/2018:16:59:43 +0800] "POST /examcount/reflush HTTP/1.1" 200 27 "http://192.168.1.21:63341/exam_prompt.html?code=F973A22CBDA8615BD32A9595B96408E8E61D34140DFAB6A1D5FB209B4BFE0966" "Mozilla/5.0 (Windows NT 6.1; Win64; x64) AppleWebKit/537.36 (KHTML, like Gecko) Chrome/67.0.3396.99 Safari/537.36"
192.168.1.207 - - [26/Dec/2018:16:59:44 +0800] "POST /examcount/reflush HTTP/1.1" 200 27 "http://192.168.1.21:63341/exam_prompt.html" "Mozilla/5.0 (Windows NT 10.0; Win64; x64; rv:64.0) Gecko/20100101 Firefox/64.0"
192.168.1.21 - - [26/Dec/2018:16:59:48 +0800] "POST /examcount/reflush HTTP/1.1" 200 27 "http://192.168.1.21:63341/exam_prompt.html?code=F973A22CBDA8615BD32A9595B96408E8E61D34140DFAB6A1D5FB209B4BFE0966" "Mozilla/5.0 (Windows NT 6.1; Win64; x64) AppleWebKit/537.36 (KHTML, like Gecko) Chrome/67.0.3396.99 Safari/537.36"
192.168.1.207 - - [26/Dec/2018:16:59:49 +0800] "POST /examcount/reflush HTTP/1.1" 200 27 "http://192.168.1.21:63341/exam_prompt.html" "Mozilla/5.0 (Windows NT 10.0; Win64; x64; rv:64.0) Gecko/20100101 Firefox/64.0"
192.168.1.21 - - [26/Dec/2018:16:59:53 +0800] "POST /examcount/reflush HTTP/1.1" 200 27 "http://192.168.1.21:63341/exam_prompt.html?code=F973A22CBDA8615BD32A9595B96408E8E61D34140DFAB6A1D5FB209B4BFE0966" "Mozilla/5.0 (Windows NT 6.1; Win64; x64) AppleWebKit/537.36 (KHTML, like Gecko) Chrome/67.0.3396.99 Safari/537.36"
192.168.1.207 - - [26/Dec/2018:16:59:54 +0800] "POST /examcount/reflush HTTP/1.1" 200 27 "http://192.168.1.21:63341/exam_prompt.html" "Mozilla/5.0 (Windows NT 10.0; Win64; x64; rv:64.0) Gecko/20100101 Firefox/64.0"
192.168.1.21 - - [26/Dec/2018:16:59:58 +0800] "POST /examcount/reflush HTTP/1.1" 200 27 "http://192.168.1.21:63341/exam_prompt.html?code=F973A22CBDA8615BD32A9595B96408E8E61D34140DFAB6A1D5FB209B4BFE0966" "Mozilla/5.0 (Windows NT 6.1; Win64; x64) AppleWebKit/537.36 (KHTML, like Gecko) Chrome/67.0.3396.99 Safari/537.36"
192.168.1.207 - - [26/Dec/2018:16:59:59 +0800] "POST /examcount/reflush HTTP/1.1" 200 27 "http://192.168.1.21:63341/exam_prompt.html" "Mozilla/5.0 (Windows NT 10.0; Win64; x64; rv:64.0) Gecko/20100101 Firefox/64.0"
192.168.1.21 - - [26/Dec/2018:17:00:03 +0800] "POST /examcount/reflush HTTP/1.1" 200 27 "http://192.168.1.21:63341/exam_prompt.html?code=F973A22CBDA8615BD32A9595B96408E8E61D34140DFAB6A1D5FB209B4BFE0966" "Mozilla/5.0 (Windows NT 6.1; Win64; x64) AppleWebKit/537.36 (KHTML, like Gecko) Chrome/67.0.3396.99 Safari/537.36"
192.168.1.207 - - [26/Dec/2018:17:00:04 +0800] "POST /examcount/reflush HTTP/1.1" 200 27 "http://192.168.1.21:63341/exam_prompt.html" "Mozilla/5.0 (Windows NT 10.0; Win64; x64; rv:64.0) Gecko/20100101 Firefox/64.0"
192.168.1.21 - - [26/Dec/2018:17:00:08 +0800] "POST /examcount/reflush HTTP/1.1" 200 27 "http://192.168.1.21:63341/exam_prompt.html?code=F973A22CBDA8615BD32A9595B96408E8E61D34140DFAB6A1D5FB209B4BFE0966" "Mozilla/5.0 (Windows NT 6.1; Win64; x64) AppleWebKit/537.36 (KHTML, like Gecko) Chrome/67.0.3396.99 Safari/537.36"
192.168.1.207 - - [26/Dec/2018:17:00:09 +0800] "POST /examcount/reflush HTTP/1.1" 200 27 "http://192.168.1.21:63341/exam_prompt.html" "Mozilla/5.0 (Windows NT 10.0; Win64; x64; rv:64.0) Gecko/20100101 Firefox/64.0"
192.168.1.21 - - [26/Dec/2018:17:00:13 +0800] "POST /examcount/reflush HTTP/1.1" 200 27 "http://192.168.1.21:63341/exam_prompt.html?code=F973A22CBDA8615BD32A9595B96408E8E61D34140DFAB6A1D5FB209B4BFE0966" "Mozilla/5.0 (Windows NT 6.1; Win64; x64) AppleWebKit/537.36 (KHTML, like Gecko) Chrome/67.0.3396.99 Safari/537.36"
192.168.1.207 - - [26/Dec/2018:17:00:14 +0800] "POST /examcount/reflush HTTP/1.1" 200 27 "http://192.168.1.21:63341/exam_prompt.html" "Mozilla/5.0 (Windows NT 10.0; Win64; x64; rv:64.0) Gecko/20100101 Firefox/64.0"
192.168.1.21 - - [26/Dec/2018:17:00:18 +0800] "POST /examcount/reflush HTTP/1.1" 200 27 "http://192.168.1.21:63341/exam_prompt.html?code=F973A22CBDA8615BD32A9595B96408E8E61D34140DFAB6A1D5FB209B4BFE0966" "Mozilla/5.0 (Windows NT 6.1; Win64; x64) AppleWebKit/537.36 (KHTML, like Gecko) Chrome/67.0.3396.99 Safari/537.36"
192.168.1.207 - - [26/Dec/2018:17:00:19 +0800] "POST /examcount/reflush HTTP/1.1" 200 27 "http://192.168.1.21:63341/exam_prompt.html" "Mozilla/5.0 (Windows NT 10.0; Win64; x64; rv:64.0) Gecko/20100101 Firefox/64.0"
192.168.1.21 - - [26/Dec/2018:17:00:23 +0800] "POST /examcount/reflush HTTP/1.1" 200 27 "http://192.168.1.21:63341/exam_prompt.html?code=F973A22CBDA8615BD32A9595B96408E8E61D34140DFAB6A1D5FB209B4BFE0966" "Mozilla/5.0 (Windows NT 6.1; Win64; x64) AppleWebKit/537.36 (KHTML, like Gecko) Chrome/67.0.3396.99 Safari/537.36"
192.168.1.207 - - [26/Dec/2018:17:00:24 +0800] "POST /examcount/reflush HTTP/1.1" 200 27 "http://192.168.1.21:63341/exam_prompt.html" "Mozilla/5.0 (Windows NT 10.0; Win64; x64; rv:64.0) Gecko/20100101 Firefox/64.0"
192.168.1.21 - - [26/Dec/2018:17:00:28 +0800] "POST /examcount/reflush HTTP/1.1" 200 27 "http://192.168.1.21:63341/exam_prompt.html?code=F973A22CBDA8615BD32A9595B96408E8E61D34140DFAB6A1D5FB209B4BFE0966" "Mozilla/5.0 (Windows NT 6.1; Win64; x64) AppleWebKit/537.36 (KHTML, like Gecko) Chrome/67.0.3396.99 Safari/537.36"
192.168.1.207 - - [26/Dec/2018:17:00:29 +0800] "POST /examcount/reflush HTTP/1.1" 200 27 "http://192.168.1.21:63341/exam_prompt.html" "Mozilla/5.0 (Windows NT 10.0; Win64; x64; rv:64.0) Gecko/20100101 Firefox/64.0"
192.168.1.21 - - [26/Dec/2018:17:00:33 +0800] "POST /examcount/reflush HTTP/1.1" 200 27 "http://192.168.1.21:63341/exam_prompt.html?code=F973A22CBDA8615BD32A9595B96408E8E61D34140DFAB6A1D5FB209B4BFE0966" "Mozilla/5.0 (Windows NT 6.1; Win64; x64) AppleWebKit/537.36 (KHTML, like Gecko) Chrome/67.0.3396.99 Safari/537.36"
192.168.1.207 - - [26/Dec/2018:17:00:34 +0800] "POST /examcount/reflush HTTP/1.1" 200 27 "http://192.168.1.21:63341/exam_prompt.html" "Mozilla/5.0 (Windows NT 10.0; Win64; x64; rv:64.0) Gecko/20100101 Firefox/64.0"
192.168.1.21 - - [26/Dec/2018:17:00:38 +0800] "POST /examcount/reflush HTTP/1.1" 200 27 "http://192.168.1.21:63341/exam_prompt.html?code=F973A22CBDA8615BD32A9595B96408E8E61D34140DFAB6A1D5FB209B4BFE0966" "Mozilla/5.0 (Windows NT 6.1; Win64; x64) AppleWebKit/537.36 (KHTML, like Gecko) Chrome/67.0.3396.99 Safari/537.36"
192.168.1.207 - - [26/Dec/2018:17:00:39 +0800] "POST /examcount/reflush HTTP/1.1" 200 27 "http://192.168.1.21:63341/exam_prompt.html" "Mozilla/5.0 (Windows NT 10.0; Win64; x64; rv:64.0) Gecko/20100101 Firefox/64.0"
192.168.1.21 - - [26/Dec/2018:17:00:43 +0800] "POST /examcount/reflush HTTP/1.1" 200 27 "http://192.168.1.21:63341/exam_prompt.html?code=F973A22CBDA8615BD32A9595B96408E8E61D34140DFAB6A1D5FB209B4BFE0966" "Mozilla/5.0 (Windows NT 6.1; Win64; x64) AppleWebKit/537.36 (KHTML, like Gecko) Chrome/67.0.3396.99 Safari/537.36"
192.168.1.207 - - [26/Dec/2018:17:00:44 +0800] "POST /examcount/reflush HTTP/1.1" 200 27 "http://192.168.1.21:63341/exam_prompt.html" "Mozilla/5.0 (Windows NT 10.0; Win64; x64; rv:64.0) Gecko/20100101 Firefox/64.0"
192.168.1.21 - - [26/Dec/2018:17:00:48 +0800] "POST /examcount/reflush HTTP/1.1" 200 27 "http://192.168.1.21:63341/exam_prompt.html?code=F973A22CBDA8615BD32A9595B96408E8E61D34140DFAB6A1D5FB209B4BFE0966" "Mozilla/5.0 (Windows NT 6.1; Win64; x64) AppleWebKit/537.36 (KHTML, like Gecko) Chrome/67.0.3396.99 Safari/537.36"
192.168.1.207 - - [26/Dec/2018:17:00:49 +0800] "POST /examcount/reflush HTTP/1.1" 200 27 "http://192.168.1.21:63341/exam_prompt.html" "Mozilla/5.0 (Windows NT 10.0; Win64; x64; rv:64.0) Gecko/20100101 Firefox/64.0"
192.168.1.21 - - [26/Dec/2018:17:00:53 +0800] "POST /examcount/reflush HTTP/1.1" 200 27 "http://192.168.1.21:63341/exam_prompt.html?code=F973A22CBDA8615BD32A9595B96408E8E61D34140DFAB6A1D5FB209B4BFE0966" "Mozilla/5.0 (Windows NT 6.1; Win64; x64) AppleWebKit/537.36 (KHTML, like Gecko) Chrome/67.0.3396.99 Safari/537.36"
192.168.1.207 - - [26/Dec/2018:17:00:54 +0800] "POST /examcount/reflush HTTP/1.1" 200 27 "http://192.168.1.21:63341/exam_prompt.html" "Mozilla/5.0 (Windows NT 10.0; Win64; x64; rv:64.0) Gecko/20100101 Firefox/64.0"
192.168.1.21 - - [26/Dec/2018:17:00:58 +0800] "POST /examcount/reflush HTTP/1.1" 200 27 "http://192.168.1.21:63341/exam_prompt.html?code=F973A22CBDA8615BD32A9595B96408E8E61D34140DFAB6A1D5FB209B4BFE0966" "Mozilla/5.0 (Windows NT 6.1; Win64; x64) AppleWebKit/537.36 (KHTML, like Gecko) Chrome/67.0.3396.99 Safari/537.36"
192.168.1.207 - - [26/Dec/2018:17:00:59 +0800] "POST /examcount/reflush HTTP/1.1" 200 27 "http://192.168.1.21:63341/exam_prompt.html" "Mozilla/5.0 (Windows NT 10.0; Win64; x64; rv:64.0) Gecko/20100101 Firefox/64.0"
192.168.1.21 - - [26/Dec/2018:17:01:03 +0800] "POST /examcount/reflush HTTP/1.1" 200 27 "http://192.168.1.21:63341/exam_prompt.html?code=F973A22CBDA8615BD32A9595B96408E8E61D34140DFAB6A1D5FB209B4BFE0966" "Mozilla/5.0 (Windows NT 6.1; Win64; x64) AppleWebKit/537.36 (KHTML, like Gecko) Chrome/67.0.3396.99 Safari/537.36"
192.168.1.207 - - [26/Dec/2018:17:01:04 +0800] "POST /examcount/reflush HTTP/1.1" 200 27 "http://192.168.1.21:63341/exam_prompt.html" "Mozilla/5.0 (Windows NT 10.0; Win64; x64; rv:64.0) Gecko/20100101 Firefox/64.0"
192.168.1.21 - - [26/Dec/2018:17:01:08 +0800] "POST /examcount/reflush HTTP/1.1" 200 27 "http://192.168.1.21:63341/exam_prompt.html?code=F973A22CBDA8615BD32A9595B96408E8E61D34140DFAB6A1D5FB209B4BFE0966" "Mozilla/5.0 (Windows NT 6.1; Win64; x64) AppleWebKit/537.36 (KHTML, like Gecko) Chrome/67.0.3396.99 Safari/537.36"
192.168.1.207 - - [26/Dec/2018:17:01:09 +0800] "POST /examcount/reflush HTTP/1.1" 200 27 "http://192.168.1.21:63341/exam_prompt.html" "Mozilla/5.0 (Windows NT 10.0; Win64; x64; rv:64.0) Gecko/20100101 Firefox/64.0"
192.168.1.21 - - [26/Dec/2018:17:01:13 +0800] "POST /examcount/reflush HTTP/1.1" 200 27 "http://192.168.1.21:63341/exam_prompt.html?code=F973A22CBDA8615BD32A9595B96408E8E61D34140DFAB6A1D5FB209B4BFE0966" "Mozilla/5.0 (Windows NT 6.1; Win64; x64) AppleWebKit/537.36 (KHTML, like Gecko) Chrome/67.0.3396.99 Safari/537.36"
192.168.1.207 - - [26/Dec/2018:17:01:14 +0800] "POST /examcount/reflush HTTP/1.1" 200 27 "http://192.168.1.21:63341/exam_prompt.html" "Mozilla/5.0 (Windows NT 10.0; Win64; x64; rv:64.0) Gecko/20100101 Firefox/64.0"
192.168.1.21 - - [26/Dec/2018:17:01:18 +0800] "POST /examcount/reflush HTTP/1.1" 200 27 "http://192.168.1.21:63341/exam_prompt.html?code=F973A22CBDA8615BD32A9595B96408E8E61D34140DFAB6A1D5FB209B4BFE0966" "Mozilla/5.0 (Windows NT 6.1; Win64; x64) AppleWebKit/537.36 (KHTML, like Gecko) Chrome/67.0.3396.99 Safari/537.36"
192.168.1.207 - - [26/Dec/2018:17:01:19 +0800] "POST /examcount/reflush HTTP/1.1" 200 27 "http://192.168.1.21:63341/exam_prompt.html" "Mozilla/5.0 (Windows NT 10.0; Win64; x64; rv:64.0) Gecko/20100101 Firefox/64.0"
192.168.1.21 - - [26/Dec/2018:17:01:23 +0800] "POST /examcount/reflush HTTP/1.1" 200 27 "http://192.168.1.21:63341/exam_prompt.html?code=F973A22CBDA8615BD32A9595B96408E8E61D34140DFAB6A1D5FB209B4BFE0966" "Mozilla/5.0 (Windows NT 6.1; Win64; x64) AppleWebKit/537.36 (KHTML, like Gecko) Chrome/67.0.3396.99 Safari/537.36"
192.168.1.207 - - [26/Dec/2018:17:01:24 +0800] "POST /examcount/reflush HTTP/1.1" 200 27 "http://192.168.1.21:63341/exam_prompt.html" "Mozilla/5.0 (Windows NT 10.0; Win64; x64; rv:64.0) Gecko/20100101 Firefox/64.0"
192.168.1.21 - - [26/Dec/2018:17:01:28 +0800] "POST /examcount/reflush HTTP/1.1" 200 27 "http://192.168.1.21:63341/exam_prompt.html?code=F973A22CBDA8615BD32A9595B96408E8E61D34140DFAB6A1D5FB209B4BFE0966" "Mozilla/5.0 (Windows NT 6.1; Win64; x64) AppleWebKit/537.36 (KHTML, like Gecko) Chrome/67.0.3396.99 Safari/537.36"
192.168.1.207 - - [26/Dec/2018:17:01:29 +0800] "POST /examcount/reflush HTTP/1.1" 200 27 "http://192.168.1.21:63341/exam_prompt.html" "Mozilla/5.0 (Windows NT 10.0; Win64; x64; rv:64.0) Gecko/20100101 Firefox/64.0"
192.168.1.21 - - [26/Dec/2018:17:01:33 +0800] "POST /examcount/reflush HTTP/1.1" 200 27 "http://192.168.1.21:63341/exam_prompt.html?code=F973A22CBDA8615BD32A9595B96408E8E61D34140DFAB6A1D5FB209B4BFE0966" "Mozilla/5.0 (Windows NT 6.1; Win64; x64) AppleWebKit/537.36 (KHTML, like Gecko) Chrome/67.0.3396.99 Safari/537.36"
192.168.1.207 - - [26/Dec/2018:17:01:34 +0800] "POST /examcount/reflush HTTP/1.1" 200 27 "http://192.168.1.21:63341/exam_prompt.html" "Mozilla/5.0 (Windows NT 10.0; Win64; x64; rv:64.0) Gecko/20100101 Firefox/64.0"
192.168.1.21 - - [26/Dec/2018:17:01:38 +0800] "POST /examcount/reflush HTTP/1.1" 200 27 "http://192.168.1.21:63341/exam_prompt.html?code=F973A22CBDA8615BD32A9595B96408E8E61D34140DFAB6A1D5FB209B4BFE0966" "Mozilla/5.0 (Windows NT 6.1; Win64; x64) AppleWebKit/537.36 (KHTML, like Gecko) Chrome/67.0.3396.99 Safari/537.36"
192.168.1.207 - - [26/Dec/2018:17:01:39 +0800] "POST /examcount/reflush HTTP/1.1" 200 27 "http://192.168.1.21:63341/exam_prompt.html" "Mozilla/5.0 (Windows NT 10.0; Win64; x64; rv:64.0) Gecko/20100101 Firefox/64.0"
192.168.1.21 - - [26/Dec/2018:17:01:43 +0800] "POST /examcount/reflush HTTP/1.1" 200 27 "http://192.168.1.21:63341/exam_prompt.html?code=F973A22CBDA8615BD32A9595B96408E8E61D34140DFAB6A1D5FB209B4BFE0966" "Mozilla/5.0 (Windows NT 6.1; Win64; x64) AppleWebKit/537.36 (KHTML, like Gecko) Chrome/67.0.3396.99 Safari/537.36"
192.168.1.207 - - [26/Dec/2018:17:01:44 +0800] "POST /examcount/reflush HTTP/1.1" 200 27 "http://192.168.1.21:63341/exam_prompt.html" "Mozilla/5.0 (Windows NT 10.0; Win64; x64; rv:64.0) Gecko/20100101 Firefox/64.0"
192.168.1.21 - - [26/Dec/2018:17:01:48 +0800] "POST /examcount/reflush HTTP/1.1" 200 27 "http://192.168.1.21:63341/exam_prompt.html?code=F973A22CBDA8615BD32A9595B96408E8E61D34140DFAB6A1D5FB209B4BFE0966" "Mozilla/5.0 (Windows NT 6.1; Win64; x64) AppleWebKit/537.36 (KHTML, like Gecko) Chrome/67.0.3396.99 Safari/537.36"
192.168.1.207 - - [26/Dec/2018:17:01:49 +0800] "POST /examcount/reflush HTTP/1.1" 200 27 "http://192.168.1.21:63341/exam_prompt.html" "Mozilla/5.0 (Windows NT 10.0; Win64; x64; rv:64.0) Gecko/20100101 Firefox/64.0"
192.168.1.21 - - [26/Dec/2018:17:01:53 +0800] "POST /examcount/reflush HTTP/1.1" 200 27 "http://192.168.1.21:63341/exam_prompt.html?code=F973A22CBDA8615BD32A9595B96408E8E61D34140DFAB6A1D5FB209B4BFE0966" "Mozilla/5.0 (Windows NT 6.1; Win64; x64) AppleWebKit/537.36 (KHTML, like Gecko) Chrome/67.0.3396.99 Safari/537.36"
192.168.1.207 - - [26/Dec/2018:17:01:54 +0800] "POST /examcount/reflush HTTP/1.1" 200 27 "http://192.168.1.21:63341/exam_prompt.html" "Mozilla/5.0 (Windows NT 10.0; Win64; x64; rv:64.0) Gecko/20100101 Firefox/64.0"
192.168.1.21 - - [26/Dec/2018:17:01:58 +0800] "POST /examcount/reflush HTTP/1.1" 200 27 "http://192.168.1.21:63341/exam_prompt.html?code=F973A22CBDA8615BD32A9595B96408E8E61D34140DFAB6A1D5FB209B4BFE0966" "Mozilla/5.0 (Windows NT 6.1; Win64; x64) AppleWebKit/537.36 (KHTML, like Gecko) Chrome/67.0.3396.99 Safari/537.36"
192.168.1.207 - - [26/Dec/2018:17:01:59 +0800] "POST /examcount/reflush HTTP/1.1" 200 27 "http://192.168.1.21:63341/exam_prompt.html" "Mozilla/5.0 (Windows NT 10.0; Win64; x64; rv:64.0) Gecko/20100101 Firefox/64.0"
192.168.1.21 - - [26/Dec/2018:17:02:03 +0800] "POST /examcount/reflush HTTP/1.1" 200 27 "http://192.168.1.21:63341/exam_prompt.html?code=F973A22CBDA8615BD32A9595B96408E8E61D34140DFAB6A1D5FB209B4BFE0966" "Mozilla/5.0 (Windows NT 6.1; Win64; x64) AppleWebKit/537.36 (KHTML, like Gecko) Chrome/67.0.3396.99 Safari/537.36"
192.168.1.207 - - [26/Dec/2018:17:02:04 +0800] "POST /examcount/reflush HTTP/1.1" 200 27 "http://192.168.1.21:63341/exam_prompt.html" "Mozilla/5.0 (Windows NT 10.0; Win64; x64; rv:64.0) Gecko/20100101 Firefox/64.0"
192.168.1.21 - - [26/Dec/2018:17:02:08 +0800] "POST /examcount/reflush HTTP/1.1" 200 27 "http://192.168.1.21:63341/exam_prompt.html?code=F973A22CBDA8615BD32A9595B96408E8E61D34140DFAB6A1D5FB209B4BFE0966" "Mozilla/5.0 (Windows NT 6.1; Win64; x64) AppleWebKit/537.36 (KHTML, like Gecko) Chrome/67.0.3396.99 Safari/537.36"
192.168.1.207 - - [26/Dec/2018:17:02:09 +0800] "POST /examcount/reflush HTTP/1.1" 200 27 "http://192.168.1.21:63341/exam_prompt.html" "Mozilla/5.0 (Windows NT 10.0; Win64; x64; rv:64.0) Gecko/20100101 Firefox/64.0"
192.168.1.21 - - [26/Dec/2018:17:02:13 +0800] "POST /examcount/reflush HTTP/1.1" 200 46 "http://192.168.1.21:63341/exam_prompt.html?code=F973A22CBDA8615BD32A9595B96408E8E61D34140DFAB6A1D5FB209B4BFE0966" "Mozilla/5.0 (Windows NT 6.1; Win64; x64) AppleWebKit/537.36 (KHTML, like Gecko) Chrome/67.0.3396.99 Safari/537.36"
192.168.1.21 - - [26/Dec/2018:17:02:13 +0800] "GET /login.html HTTP/1.1" 200 1121 "http://192.168.1.21:63341/exam_prompt.html?code=F973A22CBDA8615BD32A9595B96408E8E61D34140DFAB6A1D5FB209B4BFE0966" "Mozilla/5.0 (Windows NT 6.1; Win64; x64) AppleWebKit/537.36 (KHTML, like Gecko) Chrome/67.0.3396.99 Safari/537.36"
192.168.1.21 - - [26/Dec/2018:17:02:13 +0800] "GET /static/css/reset.css HTTP/1.1" 200 4580 "http://192.168.1.21:63341/login.html" "Mozilla/5.0 (Windows NT 6.1; Win64; x64) AppleWebKit/537.36 (KHTML, like Gecko) Chrome/67.0.3396.99 Safari/537.36"
192.168.1.21 - - [26/Dec/2018:17:02:13 +0800] "GET /static/css/login.css HTTP/1.1" 200 1351 "http://192.168.1.21:63341/login.html" "Mozilla/5.0 (Windows NT 6.1; Win64; x64) AppleWebKit/537.36 (KHTML, like Gecko) Chrome/67.0.3396.99 Safari/537.36"
192.168.1.21 - - [26/Dec/2018:17:02:13 +0800] "GET /static/js/jquery.xdomainrequest.min.js HTTP/1.1" 200 1932 "http://192.168.1.21:63341/login.html" "Mozilla/5.0 (Windows NT 6.1; Win64; x64) AppleWebKit/537.36 (KHTML, like Gecko) Chrome/67.0.3396.99 Safari/537.36"
192.168.1.21 - - [26/Dec/2018:17:02:13 +0800] "GET /static/js/ajaxUrl.js HTTP/1.1" 200 403 "http://192.168.1.21:63341/login.html" "Mozilla/5.0 (Windows NT 6.1; Win64; x64) AppleWebKit/537.36 (KHTML, like Gecko) Chrome/67.0.3396.99 Safari/537.36"
192.168.1.21 - - [26/Dec/2018:17:02:13 +0800] "GET /static/js/login.js HTTP/1.1" 200 1912 "http://192.168.1.21:63341/login.html" "Mozilla/5.0 (Windows NT 6.1; Win64; x64) AppleWebKit/537.36 (KHTML, like Gecko) Chrome/67.0.3396.99 Safari/537.36"
192.168.1.21 - - [26/Dec/2018:17:02:13 +0800] "GET /static/js/jquery2.0.min.js HTTP/1.1" 200 83110 "http://192.168.1.21:63341/login.html" "Mozilla/5.0 (Windows NT 6.1; Win64; x64) AppleWebKit/537.36 (KHTML, like Gecko) Chrome/67.0.3396.99 Safari/537.36"
192.168.1.21 - - [26/Dec/2018:17:02:13 +0800] "GET /static/img/loginbg.png HTTP/1.1" 200 430741 "http://192.168.1.21:63341/static/css/login.css" "Mozilla/5.0 (Windows NT 6.1; Win64; x64) AppleWebKit/537.36 (KHTML, like Gecko) Chrome/67.0.3396.99 Safari/537.36"
192.168.1.207 - - [26/Dec/2018:17:02:14 +0800] "POST /examcount/reflush HTTP/1.1" 200 27 "http://192.168.1.21:63341/exam_prompt.html" "Mozilla/5.0 (Windows NT 10.0; Win64; x64; rv:64.0) Gecko/20100101 Firefox/64.0"
192.168.1.207 - - [26/Dec/2018:17:02:19 +0800] "POST /examcount/reflush HTTP/1.1" 200 27 "http://192.168.1.21:63341/exam_prompt.html" "Mozilla/5.0 (Windows NT 10.0; Win64; x64; rv:64.0) Gecko/20100101 Firefox/64.0"
192.168.1.207 - - [26/Dec/2018:17:02:24 +0800] "POST /examcount/reflush HTTP/1.1" 200 27 "http://192.168.1.21:63341/exam_prompt.html" "Mozilla/5.0 (Windows NT 10.0; Win64; x64; rv:64.0) Gecko/20100101 Firefox/64.0"
192.168.1.207 - - [26/Dec/2018:17:02:29 +0800] "POST /examcount/reflush HTTP/1.1" 200 27 "http://192.168.1.21:63341/exam_prompt.html" "Mozilla/5.0 (Windows NT 10.0; Win64; x64; rv:64.0) Gecko/20100101 Firefox/64.0"
192.168.1.207 - - [26/Dec/2018:17:02:34 +0800] "POST /examcount/reflush HTTP/1.1" 200 27 "http://192.168.1.21:63341/exam_prompt.html" "Mozilla/5.0 (Windows NT 10.0; Win64; x64; rv:64.0) Gecko/20100101 Firefox/64.0"
192.168.1.207 - - [26/Dec/2018:17:02:39 +0800] "POST /examcount/reflush HTTP/1.1" 200 27 "http://192.168.1.21:63341/exam_prompt.html" "Mozilla/5.0 (Windows NT 10.0; Win64; x64; rv:64.0) Gecko/20100101 Firefox/64.0"
192.168.1.207 - - [26/Dec/2018:17:02:44 +0800] "POST /examcount/reflush HTTP/1.1" 200 27 "http://192.168.1.21:63341/exam_prompt.html" "Mozilla/5.0 (Windows NT 10.0; Win64; x64; rv:64.0) Gecko/20100101 Firefox/64.0"
192.168.1.207 - - [26/Dec/2018:17:02:49 +0800] "POST /examcount/reflush HTTP/1.1" 200 27 "http://192.168.1.21:63341/exam_prompt.html" "Mozilla/5.0 (Windows NT 10.0; Win64; x64; rv:64.0) Gecko/20100101 Firefox/64.0"
192.168.1.207 - - [26/Dec/2018:17:02:54 +0800] "POST /examcount/reflush HTTP/1.1" 200 27 "http://192.168.1.21:63341/exam_prompt.html" "Mozilla/5.0 (Windows NT 10.0; Win64; x64; rv:64.0) Gecko/20100101 Firefox/64.0"
192.168.1.207 - - [26/Dec/2018:17:02:59 +0800] "POST /examcount/reflush HTTP/1.1" 200 27 "http://192.168.1.21:63341/exam_prompt.html" "Mozilla/5.0 (Windows NT 10.0; Win64; x64; rv:64.0) Gecko/20100101 Firefox/64.0"
192.168.1.207 - - [26/Dec/2018:17:03:04 +0800] "POST /examcount/reflush HTTP/1.1" 200 27 "http://192.168.1.21:63341/exam_prompt.html" "Mozilla/5.0 (Windows NT 10.0; Win64; x64; rv:64.0) Gecko/20100101 Firefox/64.0"
192.168.1.207 - - [26/Dec/2018:17:03:09 +0800] "POST /examcount/reflush HTTP/1.1" 200 27 "http://192.168.1.21:63341/exam_prompt.html" "Mozilla/5.0 (Windows NT 10.0; Win64; x64; rv:64.0) Gecko/20100101 Firefox/64.0"
192.168.1.207 - - [26/Dec/2018:17:03:14 +0800] "POST /examcount/reflush HTTP/1.1" 200 27 "http://192.168.1.21:63341/exam_prompt.html" "Mozilla/5.0 (Windows NT 10.0; Win64; x64; rv:64.0) Gecko/20100101 Firefox/64.0"
192.168.1.207 - - [26/Dec/2018:17:03:19 +0800] "POST /examcount/reflush HTTP/1.1" 200 27 "http://192.168.1.21:63341/exam_prompt.html" "Mozilla/5.0 (Windows NT 10.0; Win64; x64; rv:64.0) Gecko/20100101 Firefox/64.0"
192.168.1.207 - - [26/Dec/2018:17:03:24 +0800] "POST /examcount/reflush HTTP/1.1" 200 27 "http://192.168.1.21:63341/exam_prompt.html" "Mozilla/5.0 (Windows NT 10.0; Win64; x64; rv:64.0) Gecko/20100101 Firefox/64.0"
192.168.1.207 - - [26/Dec/2018:17:03:29 +0800] "POST /examcount/reflush HTTP/1.1" 200 27 "http://192.168.1.21:63341/exam_prompt.html" "Mozilla/5.0 (Windows NT 10.0; Win64; x64; rv:64.0) Gecko/20100101 Firefox/64.0"
192.168.1.207 - - [26/Dec/2018:17:03:34 +0800] "POST /examcount/reflush HTTP/1.1" 200 27 "http://192.168.1.21:63341/exam_prompt.html" "Mozilla/5.0 (Windows NT 10.0; Win64; x64; rv:64.0) Gecko/20100101 Firefox/64.0"
192.168.1.207 - - [26/Dec/2018:17:03:39 +0800] "POST /examcount/reflush HTTP/1.1" 200 27 "http://192.168.1.21:63341/exam_prompt.html" "Mozilla/5.0 (Windows NT 10.0; Win64; x64; rv:64.0) Gecko/20100101 Firefox/64.0"
192.168.1.207 - - [26/Dec/2018:17:03:44 +0800] "POST /examcount/reflush HTTP/1.1" 200 27 "http://192.168.1.21:63341/exam_prompt.html" "Mozilla/5.0 (Windows NT 10.0; Win64; x64; rv:64.0) Gecko/20100101 Firefox/64.0"
192.168.1.207 - - [26/Dec/2018:17:03:49 +0800] "POST /examcount/reflush HTTP/1.1" 200 27 "http://192.168.1.21:63341/exam_prompt.html" "Mozilla/5.0 (Windows NT 10.0; Win64; x64; rv:64.0) Gecko/20100101 Firefox/64.0"
192.168.1.207 - - [26/Dec/2018:17:03:54 +0800] "POST /examcount/reflush HTTP/1.1" 200 27 "http://192.168.1.21:63341/exam_prompt.html" "Mozilla/5.0 (Windows NT 10.0; Win64; x64; rv:64.0) Gecko/20100101 Firefox/64.0"
192.168.1.207 - - [26/Dec/2018:17:03:59 +0800] "POST /examcount/reflush HTTP/1.1" 200 27 "http://192.168.1.21:63341/exam_prompt.html" "Mozilla/5.0 (Windows NT 10.0; Win64; x64; rv:64.0) Gecko/20100101 Firefox/64.0"
192.168.1.207 - - [26/Dec/2018:17:04:04 +0800] "POST /examcount/reflush HTTP/1.1" 200 27 "http://192.168.1.21:63341/exam_prompt.html" "Mozilla/5.0 (Windows NT 10.0; Win64; x64; rv:64.0) Gecko/20100101 Firefox/64.0"
192.168.1.207 - - [26/Dec/2018:17:04:09 +0800] "POST /examcount/reflush HTTP/1.1" 200 27 "http://192.168.1.21:63341/exam_prompt.html" "Mozilla/5.0 (Windows NT 10.0; Win64; x64; rv:64.0) Gecko/20100101 Firefox/64.0"
192.168.1.207 - - [26/Dec/2018:17:04:14 +0800] "POST /examcount/reflush HTTP/1.1" 200 27 "http://192.168.1.21:63341/exam_prompt.html" "Mozilla/5.0 (Windows NT 10.0; Win64; x64; rv:64.0) Gecko/20100101 Firefox/64.0"
192.168.1.207 - - [26/Dec/2018:17:04:19 +0800] "POST /examcount/reflush HTTP/1.1" 200 27 "http://192.168.1.21:63341/exam_prompt.html" "Mozilla/5.0 (Windows NT 10.0; Win64; x64; rv:64.0) Gecko/20100101 Firefox/64.0"
192.168.1.207 - - [26/Dec/2018:17:04:24 +0800] "POST /examcount/reflush HTTP/1.1" 200 27 "http://192.168.1.21:63341/exam_prompt.html" "Mozilla/5.0 (Windows NT 10.0; Win64; x64; rv:64.0) Gecko/20100101 Firefox/64.0"
192.168.1.207 - - [26/Dec/2018:17:04:29 +0800] "POST /examcount/reflush HTTP/1.1" 200 27 "http://192.168.1.21:63341/exam_prompt.html" "Mozilla/5.0 (Windows NT 10.0; Win64; x64; rv:64.0) Gecko/20100101 Firefox/64.0"
192.168.1.207 - - [26/Dec/2018:17:04:34 +0800] "POST /examcount/reflush HTTP/1.1" 200 27 "http://192.168.1.21:63341/exam_prompt.html" "Mozilla/5.0 (Windows NT 10.0; Win64; x64; rv:64.0) Gecko/20100101 Firefox/64.0"
192.168.1.207 - - [26/Dec/2018:17:04:39 +0800] "POST /examcount/reflush HTTP/1.1" 200 27 "http://192.168.1.21:63341/exam_prompt.html" "Mozilla/5.0 (Windows NT 10.0; Win64; x64; rv:64.0) Gecko/20100101 Firefox/64.0"
192.168.1.207 - - [26/Dec/2018:17:04:44 +0800] "POST /examcount/reflush HTTP/1.1" 200 27 "http://192.168.1.21:63341/exam_prompt.html" "Mozilla/5.0 (Windows NT 10.0; Win64; x64; rv:64.0) Gecko/20100101 Firefox/64.0"
192.168.1.207 - - [26/Dec/2018:17:04:49 +0800] "POST /examcount/reflush HTTP/1.1" 200 27 "http://192.168.1.21:63341/exam_prompt.html" "Mozilla/5.0 (Windows NT 10.0; Win64; x64; rv:64.0) Gecko/20100101 Firefox/64.0"
192.168.1.207 - - [26/Dec/2018:17:04:54 +0800] "POST /examcount/reflush HTTP/1.1" 200 27 "http://192.168.1.21:63341/exam_prompt.html" "Mozilla/5.0 (Windows NT 10.0; Win64; x64; rv:64.0) Gecko/20100101 Firefox/64.0"
192.168.1.207 - - [26/Dec/2018:17:04:59 +0800] "POST /examcount/reflush HTTP/1.1" 200 27 "http://192.168.1.21:63341/exam_prompt.html" "Mozilla/5.0 (Windows NT 10.0; Win64; x64; rv:64.0) Gecko/20100101 Firefox/64.0"
192.168.1.207 - - [26/Dec/2018:17:05:04 +0800] "POST /examcount/reflush HTTP/1.1" 200 27 "http://192.168.1.21:63341/exam_prompt.html" "Mozilla/5.0 (Windows NT 10.0; Win64; x64; rv:64.0) Gecko/20100101 Firefox/64.0"
192.168.1.207 - - [26/Dec/2018:17:05:09 +0800] "POST /examcount/reflush HTTP/1.1" 200 27 "http://192.168.1.21:63341/exam_prompt.html" "Mozilla/5.0 (Windows NT 10.0; Win64; x64; rv:64.0) Gecko/20100101 Firefox/64.0"
192.168.1.207 - - [26/Dec/2018:17:05:14 +0800] "POST /examcount/reflush HTTP/1.1" 200 27 "http://192.168.1.21:63341/exam_prompt.html" "Mozilla/5.0 (Windows NT 10.0; Win64; x64; rv:64.0) Gecko/20100101 Firefox/64.0"
192.168.1.207 - - [26/Dec/2018:17:05:19 +0800] "POST /examcount/reflush HTTP/1.1" 200 27 "http://192.168.1.21:63341/exam_prompt.html" "Mozilla/5.0 (Windows NT 10.0; Win64; x64; rv:64.0) Gecko/20100101 Firefox/64.0"
192.168.1.207 - - [26/Dec/2018:17:05:24 +0800] "POST /examcount/reflush HTTP/1.1" 200 27 "http://192.168.1.21:63341/exam_prompt.html" "Mozilla/5.0 (Windows NT 10.0; Win64; x64; rv:64.0) Gecko/20100101 Firefox/64.0"
192.168.1.207 - - [26/Dec/2018:17:05:29 +0800] "POST /examcount/reflush HTTP/1.1" 200 27 "http://192.168.1.21:63341/exam_prompt.html" "Mozilla/5.0 (Windows NT 10.0; Win64; x64; rv:64.0) Gecko/20100101 Firefox/64.0"
192.168.1.207 - - [26/Dec/2018:17:05:34 +0800] "POST /examcount/reflush HTTP/1.1" 200 27 "http://192.168.1.21:63341/exam_prompt.html" "Mozilla/5.0 (Windows NT 10.0; Win64; x64; rv:64.0) Gecko/20100101 Firefox/64.0"
192.168.1.207 - - [26/Dec/2018:17:05:39 +0800] "POST /examcount/reflush HTTP/1.1" 200 27 "http://192.168.1.21:63341/exam_prompt.html" "Mozilla/5.0 (Windows NT 10.0; Win64; x64; rv:64.0) Gecko/20100101 Firefox/64.0"
192.168.1.207 - - [26/Dec/2018:17:05:44 +0800] "POST /examcount/reflush HTTP/1.1" 200 27 "http://192.168.1.21:63341/exam_prompt.html" "Mozilla/5.0 (Windows NT 10.0; Win64; x64; rv:64.0) Gecko/20100101 Firefox/64.0"
192.168.1.207 - - [26/Dec/2018:17:05:49 +0800] "POST /examcount/reflush HTTP/1.1" 200 27 "http://192.168.1.21:63341/exam_prompt.html" "Mozilla/5.0 (Windows NT 10.0; Win64; x64; rv:64.0) Gecko/20100101 Firefox/64.0"
192.168.1.207 - - [26/Dec/2018:17:05:54 +0800] "POST /examcount/reflush HTTP/1.1" 200 27 "http://192.168.1.21:63341/exam_prompt.html" "Mozilla/5.0 (Windows NT 10.0; Win64; x64; rv:64.0) Gecko/20100101 Firefox/64.0"
192.168.1.207 - - [26/Dec/2018:17:05:59 +0800] "POST /examcount/reflush HTTP/1.1" 200 27 "http://192.168.1.21:63341/exam_prompt.html" "Mozilla/5.0 (Windows NT 10.0; Win64; x64; rv:64.0) Gecko/20100101 Firefox/64.0"
192.168.1.207 - - [26/Dec/2018:17:06:04 +0800] "POST /examcount/reflush HTTP/1.1" 200 27 "http://192.168.1.21:63341/exam_prompt.html" "Mozilla/5.0 (Windows NT 10.0; Win64; x64; rv:64.0) Gecko/20100101 Firefox/64.0"
192.168.1.207 - - [26/Dec/2018:17:06:09 +0800] "POST /examcount/reflush HTTP/1.1" 200 27 "http://192.168.1.21:63341/exam_prompt.html" "Mozilla/5.0 (Windows NT 10.0; Win64; x64; rv:64.0) Gecko/20100101 Firefox/64.0"
192.168.1.207 - - [26/Dec/2018:17:06:14 +0800] "POST /examcount/reflush HTTP/1.1" 200 27 "http://192.168.1.21:63341/exam_prompt.html" "Mozilla/5.0 (Windows NT 10.0; Win64; x64; rv:64.0) Gecko/20100101 Firefox/64.0"
192.168.1.207 - - [26/Dec/2018:17:06:19 +0800] "POST /examcount/reflush HTTP/1.1" 200 27 "http://192.168.1.21:63341/exam_prompt.html" "Mozilla/5.0 (Windows NT 10.0; Win64; x64; rv:64.0) Gecko/20100101 Firefox/64.0"
192.168.1.207 - - [26/Dec/2018:17:06:24 +0800] "POST /examcount/reflush HTTP/1.1" 200 27 "http://192.168.1.21:63341/exam_prompt.html" "Mozilla/5.0 (Windows NT 10.0; Win64; x64; rv:64.0) Gecko/20100101 Firefox/64.0"
192.168.1.207 - - [26/Dec/2018:17:06:29 +0800] "POST /examcount/reflush HTTP/1.1" 200 27 "http://192.168.1.21:63341/exam_prompt.html" "Mozilla/5.0 (Windows NT 10.0; Win64; x64; rv:64.0) Gecko/20100101 Firefox/64.0"
192.168.1.207 - - [26/Dec/2018:17:06:34 +0800] "POST /examcount/reflush HTTP/1.1" 200 27 "http://192.168.1.21:63341/exam_prompt.html" "Mozilla/5.0 (Windows NT 10.0; Win64; x64; rv:64.0) Gecko/20100101 Firefox/64.0"
192.168.1.207 - - [26/Dec/2018:17:06:39 +0800] "POST /examcount/reflush HTTP/1.1" 200 27 "http://192.168.1.21:63341/exam_prompt.html" "Mozilla/5.0 (Windows NT 10.0; Win64; x64; rv:64.0) Gecko/20100101 Firefox/64.0"
192.168.1.207 - - [26/Dec/2018:17:06:44 +0800] "POST /examcount/reflush HTTP/1.1" 200 27 "http://192.168.1.21:63341/exam_prompt.html" "Mozilla/5.0 (Windows NT 10.0; Win64; x64; rv:64.0) Gecko/20100101 Firefox/64.0"
192.168.1.207 - - [26/Dec/2018:17:06:49 +0800] "POST /examcount/reflush HTTP/1.1" 200 27 "http://192.168.1.21:63341/exam_prompt.html" "Mozilla/5.0 (Windows NT 10.0; Win64; x64; rv:64.0) Gecko/20100101 Firefox/64.0"
192.168.1.207 - - [26/Dec/2018:17:06:54 +0800] "POST /examcount/reflush HTTP/1.1" 200 27 "http://192.168.1.21:63341/exam_prompt.html" "Mozilla/5.0 (Windows NT 10.0; Win64; x64; rv:64.0) Gecko/20100101 Firefox/64.0"
192.168.1.207 - - [26/Dec/2018:17:06:59 +0800] "POST /examcount/reflush HTTP/1.1" 200 27 "http://192.168.1.21:63341/exam_prompt.html" "Mozilla/5.0 (Windows NT 10.0; Win64; x64; rv:64.0) Gecko/20100101 Firefox/64.0"
192.168.1.207 - - [26/Dec/2018:17:07:04 +0800] "POST /examcount/reflush HTTP/1.1" 200 27 "http://192.168.1.21:63341/exam_prompt.html" "Mozilla/5.0 (Windows NT 10.0; Win64; x64; rv:64.0) Gecko/20100101 Firefox/64.0"
192.168.1.21 - - [26/Dec/2018:17:07:08 +0800] "GET /login.html HTTP/1.1" 200 1121 "http://192.168.1.21:63341/exam_prompt.html?code=F973A22CBDA8615BD32A9595B96408E8E61D34140DFAB6A1D5FB209B4BFE0966" "Mozilla/5.0 (Windows NT 6.1; Win64; x64) AppleWebKit/537.36 (KHTML, like Gecko) Chrome/67.0.3396.99 Safari/537.36"
192.168.1.21 - - [26/Dec/2018:17:07:08 +0800] "GET /static/css/reset.css HTTP/1.1" 200 4580 "http://192.168.1.21:63341/login.html" "Mozilla/5.0 (Windows NT 6.1; Win64; x64) AppleWebKit/537.36 (KHTML, like Gecko) Chrome/67.0.3396.99 Safari/537.36"
192.168.1.21 - - [26/Dec/2018:17:07:08 +0800] "GET /static/css/login.css HTTP/1.1" 200 1351 "http://192.168.1.21:63341/login.html" "Mozilla/5.0 (Windows NT 6.1; Win64; x64) AppleWebKit/537.36 (KHTML, like Gecko) Chrome/67.0.3396.99 Safari/537.36"
192.168.1.21 - - [26/Dec/2018:17:07:08 +0800] "GET /static/js/jquery.xdomainrequest.min.js HTTP/1.1" 200 1932 "http://192.168.1.21:63341/login.html" "Mozilla/5.0 (Windows NT 6.1; Win64; x64) AppleWebKit/537.36 (KHTML, like Gecko) Chrome/67.0.3396.99 Safari/537.36"
192.168.1.21 - - [26/Dec/2018:17:07:08 +0800] "GET /static/js/ajaxUrl.js HTTP/1.1" 200 403 "http://192.168.1.21:63341/login.html" "Mozilla/5.0 (Windows NT 6.1; Win64; x64) AppleWebKit/537.36 (KHTML, like Gecko) Chrome/67.0.3396.99 Safari/537.36"
192.168.1.21 - - [26/Dec/2018:17:07:08 +0800] "GET /static/js/login.js HTTP/1.1" 200 2100 "http://192.168.1.21:63341/login.html" "Mozilla/5.0 (Windows NT 6.1; Win64; x64) AppleWebKit/537.36 (KHTML, like Gecko) Chrome/67.0.3396.99 Safari/537.36"
192.168.1.21 - - [26/Dec/2018:17:07:08 +0800] "GET /static/js/jquery2.0.min.js HTTP/1.1" 200 83110 "http://192.168.1.21:63341/login.html" "Mozilla/5.0 (Windows NT 6.1; Win64; x64) AppleWebKit/537.36 (KHTML, like Gecko) Chrome/67.0.3396.99 Safari/537.36"
192.168.1.21 - - [26/Dec/2018:17:07:08 +0800] "GET /static/img/loginbg.png HTTP/1.1" 200 430741 "http://192.168.1.21:63341/static/css/login.css" "Mozilla/5.0 (Windows NT 6.1; Win64; x64) AppleWebKit/537.36 (KHTML, like Gecko) Chrome/67.0.3396.99 Safari/537.36"
192.168.1.207 - - [26/Dec/2018:17:07:09 +0800] "POST /examcount/reflush HTTP/1.1" 200 27 "http://192.168.1.21:63341/exam_prompt.html" "Mozilla/5.0 (Windows NT 10.0; Win64; x64; rv:64.0) Gecko/20100101 Firefox/64.0"
192.168.1.207 - - [26/Dec/2018:17:07:14 +0800] "POST /examcount/reflush HTTP/1.1" 200 27 "http://192.168.1.21:63341/exam_prompt.html" "Mozilla/5.0 (Windows NT 10.0; Win64; x64; rv:64.0) Gecko/20100101 Firefox/64.0"
192.168.1.21 - - [26/Dec/2018:17:07:16 +0800] "POST /login HTTP/1.1" 200 234 "http://192.168.1.21:63341/login.html" "Mozilla/5.0 (Windows NT 6.1; Win64; x64) AppleWebKit/537.36 (KHTML, like Gecko) Chrome/67.0.3396.99 Safari/537.36"
192.168.1.21 - - [26/Dec/2018:17:07:17 +0800] "GET /exam_prompt.html HTTP/1.1" 200 4003 "http://192.168.1.21:63341/login.html" "Mozilla/5.0 (Windows NT 6.1; Win64; x64) AppleWebKit/537.36 (KHTML, like Gecko) Chrome/67.0.3396.99 Safari/537.36"
192.168.1.21 - - [26/Dec/2018:17:07:17 +0800] "GET /static/css/reset.css HTTP/1.1" 200 4580 "http://192.168.1.21:63341/exam_prompt.html" "Mozilla/5.0 (Windows NT 6.1; Win64; x64) AppleWebKit/537.36 (KHTML, like Gecko) Chrome/67.0.3396.99 Safari/537.36"
192.168.1.21 - - [26/Dec/2018:17:07:17 +0800] "GET /static/css/exam_prompt.css HTTP/1.1" 200 4479 "http://192.168.1.21:63341/exam_prompt.html" "Mozilla/5.0 (Windows NT 6.1; Win64; x64) AppleWebKit/537.36 (KHTML, like Gecko) Chrome/67.0.3396.99 Safari/537.36"
192.168.1.21 - - [26/Dec/2018:17:07:17 +0800] "GET /static/js/jquery.xdomainrequest.min.js HTTP/1.1" 200 1932 "http://192.168.1.21:63341/exam_prompt.html" "Mozilla/5.0 (Windows NT 6.1; Win64; x64) AppleWebKit/537.36 (KHTML, like Gecko) Chrome/67.0.3396.99 Safari/537.36"
192.168.1.21 - - [26/Dec/2018:17:07:17 +0800] "GET /static/js/ajaxUrl.js HTTP/1.1" 200 403 "http://192.168.1.21:63341/exam_prompt.html" "Mozilla/5.0 (Windows NT 6.1; Win64; x64) AppleWebKit/537.36 (KHTML, like Gecko) Chrome/67.0.3396.99 Safari/537.36"
192.168.1.21 - - [26/Dec/2018:17:07:17 +0800] "GET /static/img/loading.gif HTTP/1.1" 200 764 "http://192.168.1.21:63341/exam_prompt.html" "Mozilla/5.0 (Windows NT 6.1; Win64; x64) AppleWebKit/537.36 (KHTML, like Gecko) Chrome/67.0.3396.99 Safari/537.36"
192.168.1.21 - - [26/Dec/2018:17:07:17 +0800] "GET /static/js/jquery2.0.min.js HTTP/1.1" 200 83110 "http://192.168.1.21:63341/exam_prompt.html" "Mozilla/5.0 (Windows NT 6.1; Win64; x64) AppleWebKit/537.36 (KHTML, like Gecko) Chrome/67.0.3396.99 Safari/537.36"
192.168.1.21 - - [26/Dec/2018:17:07:17 +0800] "GET /static/js/exam_prompt.js HTTP/1.1" 200 13110 "http://192.168.1.21:63341/exam_prompt.html" "Mozilla/5.0 (Windows NT 6.1; Win64; x64) AppleWebKit/537.36 (KHTML, like Gecko) Chrome/67.0.3396.99 Safari/537.36"
192.168.1.21 - - [26/Dec/2018:17:07:17 +0800] "GET /publichtml/header.html HTTP/1.1" 200 226 "http://192.168.1.21:63341/exam_prompt.html" "Mozilla/5.0 (Windows NT 6.1; Win64; x64) AppleWebKit/537.36 (KHTML, like Gecko) Chrome/67.0.3396.99 Safari/537.36"
192.168.1.21 - - [26/Dec/2018:17:07:17 +0800] "GET /publichtml/footer.html HTTP/1.1" 200 123 "http://192.168.1.21:63341/exam_prompt.html" "Mozilla/5.0 (Windows NT 6.1; Win64; x64) AppleWebKit/537.36 (KHTML, like Gecko) Chrome/67.0.3396.99 Safari/537.36"
192.168.1.21 - - [26/Dec/2018:17:07:17 +0800] "GET /publichtml/phone.html HTTP/1.1" 200 495 "http://192.168.1.21:63341/exam_prompt.html" "Mozilla/5.0 (Windows NT 6.1; Win64; x64) AppleWebKit/537.36 (KHTML, like Gecko) Chrome/67.0.3396.99 Safari/537.36"
192.168.1.21 - - [26/Dec/2018:17:07:17 +0800] "POST /exam/info HTTP/1.1" 200 2572 "http://192.168.1.21:63341/exam_prompt.html" "Mozilla/5.0 (Windows NT 6.1; Win64; x64) AppleWebKit/537.36 (KHTML, like Gecko) Chrome/67.0.3396.99 Safari/537.36"
192.168.1.21 - - [26/Dec/2018:17:07:17 +0800] "GET /static/img/bj-d.jpg HTTP/1.1" 200 1385 "http://192.168.1.21:63341/static/css/reset.css" "Mozilla/5.0 (Windows NT 6.1; Win64; x64) AppleWebKit/537.36 (KHTML, like Gecko) Chrome/67.0.3396.99 Safari/537.36"
192.168.1.21 - - [26/Dec/2018:17:07:17 +0800] "GET /static/img/con_bj.jpg HTTP/1.1" 200 18427 "http://192.168.1.21:63341/static/css/exam_prompt.css" "Mozilla/5.0 (Windows NT 6.1; Win64; x64) AppleWebKit/537.36 (KHTML, like Gecko) Chrome/67.0.3396.99 Safari/537.36"
192.168.1.21 - - [26/Dec/2018:17:07:17 +0800] "GET /static/img/bj-t.jpg HTTP/1.1" 200 2450 "http://192.168.1.21:63341/static/css/reset.css" "Mozilla/5.0 (Windows NT 6.1; Win64; x64) AppleWebKit/537.36 (KHTML, like Gecko) Chrome/67.0.3396.99 Safari/537.36"
192.168.1.21 - - [26/Dec/2018:17:07:17 +0800] "GET /static/img/phone.png HTTP/1.1" 200 2027 "http://192.168.1.21:63341/exam_prompt.html" "Mozilla/5.0 (Windows NT 6.1; Win64; x64) AppleWebKit/537.36 (KHTML, like Gecko) Chrome/67.0.3396.99 Safari/537.36"
192.168.1.21 - - [26/Dec/2018:17:07:17 +0800] "GET /static/img/sanjiao_03.png HTTP/1.1" 200 1076 "http://192.168.1.21:63341/exam_prompt.html" "Mozilla/5.0 (Windows NT 6.1; Win64; x64) AppleWebKit/537.36 (KHTML, like Gecko) Chrome/67.0.3396.99 Safari/537.36"
192.168.1.21 - - [26/Dec/2018:17:07:17 +0800] "GET /static/img/logo_bj.jpg HTTP/1.1" 200 45815 "http://192.168.1.21:63341/static/css/reset.css" "Mozilla/5.0 (Windows NT 6.1; Win64; x64) AppleWebKit/537.36 (KHTML, like Gecko) Chrome/67.0.3396.99 Safari/537.36"
192.168.1.207 - - [26/Dec/2018:17:07:19 +0800] "POST /examcount/reflush HTTP/1.1" 200 46 "http://192.168.1.21:63341/exam_prompt.html" "Mozilla/5.0 (Windows NT 10.0; Win64; x64; rv:64.0) Gecko/20100101 Firefox/64.0"
192.168.1.207 - - [26/Dec/2018:17:07:19 +0800] "GET /static/js/ajaxUrl.js HTTP/1.1" 304 0 "http://192.168.1.21:63341/login.html" "Mozilla/5.0 (Windows NT 10.0; Win64; x64; rv:64.0) Gecko/20100101 Firefox/64.0"
192.168.1.207 - - [26/Dec/2018:17:07:19 +0800] "GET /static/js/login.js HTTP/1.1" 200 2100 "http://192.168.1.21:63341/login.html" "Mozilla/5.0 (Windows NT 10.0; Win64; x64; rv:64.0) Gecko/20100101 Firefox/64.0"
192.168.1.21 - - [26/Dec/2018:17:07:22 +0800] "POST /examcount/reflush HTTP/1.1" 200 27 "http://192.168.1.21:63341/exam_prompt.html" "Mozilla/5.0 (Windows NT 6.1; Win64; x64) AppleWebKit/537.36 (KHTML, like Gecko) Chrome/67.0.3396.99 Safari/537.36"
192.168.1.21 - - [26/Dec/2018:17:07:24 +0800] "GET /static/js/login.js HTTP/1.1" 304 0 "http://192.168.1.21:63341/login.html" "Mozilla/5.0 (Windows NT 6.1; Win64; x64) AppleWebKit/537.36 (KHTML, like Gecko) Chrome/67.0.3396.99 Safari/537.36"
