192.168.1.21 - - [26/Dec/2018:13:55:26 +0800] "GET /static/css/reset.css HTTP/1.1" 200 4580 "http://192.168.1.21:63341/login.html" "Mozilla/5.0 (Windows NT 6.1; WOW64; Trident/7.0; rv:11.0) like Gecko"
192.168.1.21 - - [26/Dec/2018:13:55:26 +0800] "GET /static/css/login.css HTTP/1.1" 200 1351 "http://192.168.1.21:63341/login.html" "Mozilla/5.0 (Windows NT 6.1; WOW64; Trident/7.0; rv:11.0) like Gecko"
192.168.1.21 - - [26/Dec/2018:13:55:26 +0800] "GET /static/js/jquery2.0.min.js HTTP/1.1" 200 83110 "http://192.168.1.21:63341/login.html" "Mozilla/5.0 (Windows NT 6.1; WOW64; Trident/7.0; rv:11.0) like Gecko"
192.168.1.21 - - [26/Dec/2018:13:55:26 +0800] "GET /static/js/jquery.xdomainrequest.min.js HTTP/1.1" 200 1932 "http://192.168.1.21:63341/login.html" "Mozilla/5.0 (Windows NT 6.1; WOW64; Trident/7.0; rv:11.0) like Gecko"
192.168.1.21 - - [26/Dec/2018:13:55:26 +0800] "GET /static/js/ajaxUrl.js HTTP/1.1" 200 401 "http://192.168.1.21:63341/login.html" "Mozilla/5.0 (Windows NT 6.1; WOW64; Trident/7.0; rv:11.0) like Gecko"
192.168.1.21 - - [26/Dec/2018:13:55:26 +0800] "GET /static/js/login.js HTTP/1.1" 200 1912 "http://192.168.1.21:63341/login.html" "Mozilla/5.0 (Windows NT 6.1; WOW64; Trident/7.0; rv:11.0) like Gecko"
192.168.1.21 - - [26/Dec/2018:13:55:37 +0800] "GET /login.html HTTP/1.1" 304 0 "-" "Mozilla/5.0 (Windows NT 6.1; WOW64; Trident/7.0; rv:11.0) like Gecko"
192.168.1.21 - - [26/Dec/2018:13:55:44 +0800] "POST /login HTTP/1.1" 200 234 "http://192.168.1.21:63341/login.html" "Mozilla/5.0 (Windows NT 6.1; WOW64; Trident/7.0; rv:11.0) like Gecko"
192.168.1.21 - - [26/Dec/2018:13:55:44 +0800] "GET /static/js/ajaxUrl.js HTTP/1.1" 304 0 "http://192.168.1.21:63341/exam_prompt.html" "Mozilla/5.0 (Windows NT 6.1; WOW64; Trident/7.0; rv:11.0) like Gecko"
192.168.1.21 - - [26/Dec/2018:13:55:44 +0800] "GET /static/js/exam_prompt.js HTTP/1.1" 304 0 "http://192.168.1.21:63341/exam_prompt.html" "Mozilla/5.0 (Windows NT 6.1; WOW64; Trident/7.0; rv:11.0) like Gecko"
192.168.1.21 - - [26/Dec/2018:13:55:44 +0800] "POST /exam/info HTTP/1.1" 200 2572 "http://192.168.1.21:63341/exam_prompt.html" "Mozilla/5.0 (Windows NT 6.1; WOW64; Trident/7.0; rv:11.0) like Gecko"
192.168.1.21 - - [26/Dec/2018:13:55:49 +0800] "POST /examcount/reflush HTTP/1.1" 200 27 "http://192.168.1.21:63341/exam_prompt.html" "Mozilla/5.0 (Windows NT 6.1; WOW64; Trident/7.0; rv:11.0) like Gecko"
192.168.1.21 - - [26/Dec/2018:13:55:55 +0800] "GET /login.html HTTP/1.1" 200 1121 "-" "Mozilla/5.0 (Windows NT 6.1; WOW64; Trident/7.0; rv:11.0) like Gecko"
192.168.1.21 - - [26/Dec/2018:13:55:55 +0800] "GET /static/css/reset.css HTTP/1.1" 200 4580 "http://192.168.1.21:63341/login.html" "Mozilla/5.0 (Windows NT 6.1; WOW64; Trident/7.0; rv:11.0) like Gecko"
192.168.1.21 - - [26/Dec/2018:13:55:55 +0800] "GET /static/css/login.css HTTP/1.1" 200 1351 "http://192.168.1.21:63341/login.html" "Mozilla/5.0 (Windows NT 6.1; WOW64; Trident/7.0; rv:11.0) like Gecko"
192.168.1.21 - - [26/Dec/2018:13:55:55 +0800] "GET /static/js/jquery2.0.min.js HTTP/1.1" 200 83110 "http://192.168.1.21:63341/login.html" "Mozilla/5.0 (Windows NT 6.1; WOW64; Trident/7.0; rv:11.0) like Gecko"
192.168.1.21 - - [26/Dec/2018:13:55:55 +0800] "GET /static/js/jquery.xdomainrequest.min.js HTTP/1.1" 200 1932 "http://192.168.1.21:63341/login.html" "Mozilla/5.0 (Windows NT 6.1; WOW64; Trident/7.0; rv:11.0) like Gecko"
192.168.1.21 - - [26/Dec/2018:13:55:56 +0800] "GET /static/js/ajaxUrl.js HTTP/1.1" 200 401 "http://192.168.1.21:63341/login.html" "Mozilla/5.0 (Windows NT 6.1; WOW64; Trident/7.0; rv:11.0) like Gecko"
192.168.1.21 - - [26/Dec/2018:13:55:56 +0800] "GET /static/js/login.js HTTP/1.1" 200 1912 "http://192.168.1.21:63341/login.html" "Mozilla/5.0 (Windows NT 6.1; WOW64; Trident/7.0; rv:11.0) like Gecko"
192.168.1.21 - - [26/Dec/2018:13:55:56 +0800] "GET /static/img/loginbg.png HTTP/1.1" 200 430741 "http://192.168.1.21:63341/login.html" "Mozilla/5.0 (Windows NT 6.1; WOW64; Trident/7.0; rv:11.0) like Gecko"
192.168.1.21 - - [26/Dec/2018:16:49:18 +0800] "GET / HTTP/1.1" 301 185 "-" "Mozilla/5.0 (Windows NT 6.1; Win64; x64) AppleWebKit/537.36 (KHTML, like Gecko) Chrome/67.0.3396.99 Safari/537.36"
192.168.1.21 - - [26/Dec/2018:16:49:19 +0800] "GET /static/js/ajaxUrl.js HTTP/1.1" 200 403 "http://192.168.1.21:63341/login.html" "Mozilla/5.0 (Windows NT 6.1; Win64; x64) AppleWebKit/537.36 (KHTML, like Gecko) Chrome/67.0.3396.99 Safari/537.36"
192.168.1.21 - - [26/Dec/2018:16:49:19 +0800] "GET /static/js/login.js HTTP/1.1" 200 1912 "http://192.168.1.21:63341/login.html" "Mozilla/5.0 (Windows NT 6.1; Win64; x64) AppleWebKit/537.36 (KHTML, like Gecko) Chrome/67.0.3396.99 Safari/537.36"
192.168.1.21 - - [26/Dec/2018:16:49:19 +0800] "GET /static/img/loginbg.png HTTP/1.1" 200 430741 "http://192.168.1.21:63341/static/css/login.css" "Mozilla/5.0 (Windows NT 6.1; Win64; x64) AppleWebKit/537.36 (KHTML, like Gecko) Chrome/67.0.3396.99 Safari/537.36"
192.168.1.21 - - [26/Dec/2018:16:49:19 +0800] "GET /favicon.ico HTTP/1.1" 404 571 "http://192.168.1.21:63341/login.html" "Mozilla/5.0 (Windows NT 6.1; Win64; x64) AppleWebKit/537.36 (KHTML, like Gecko) Chrome/67.0.3396.99 Safari/537.36"
192.168.1.21 - - [26/Dec/2018:16:49:25 +0800] "POST /login HTTP/1.1" 200 234 "http://192.168.1.21:63341/login.html" "Mozilla/5.0 (Windows NT 6.1; Win64; x64) AppleWebKit/537.36 (KHTML, like Gecko) Chrome/67.0.3396.99 Safari/537.36"
192.168.1.21 - - [26/Dec/2018:16:49:25 +0800] "GET /exam_prompt.html HTTP/1.1" 200 4003 "http://192.168.1.21:63341/login.html" "Mozilla/5.0 (Windows NT 6.1; Win64; x64) AppleWebKit/537.36 (KHTML, like Gecko) Chrome/67.0.3396.99 Safari/537.36"
192.168.1.21 - - [26/Dec/2018:16:49:25 +0800] "GET /static/css/exam_prompt.css HTTP/1.1" 200 4479 "http://192.168.1.21:63341/exam_prompt.html" "Mozilla/5.0 (Windows NT 6.1; Win64; x64) AppleWebKit/537.36 (KHTML, like Gecko) Chrome/67.0.3396.99 Safari/537.36"
192.168.1.21 - - [26/Dec/2018:16:49:25 +0800] "GET /static/js/jquery.xdomainrequest.min.js HTTP/1.1" 200 1932 "http://192.168.1.21:63341/exam_prompt.html" "Mozilla/5.0 (Windows NT 6.1; Win64; x64) AppleWebKit/537.36 (KHTML, like Gecko) Chrome/67.0.3396.99 Safari/537.36"
192.168.1.21 - - [26/Dec/2018:16:49:25 +0800] "GET /static/js/ajaxUrl.js HTTP/1.1" 304 0 "http://192.168.1.21:63341/exam_prompt.html" "Mozilla/5.0 (Windows NT 6.1; Win64; x64) AppleWebKit/537.36 (KHTML, like Gecko) Chrome/67.0.3396.99 Safari/537.36"
192.168.1.21 - - [26/Dec/2018:16:49:25 +0800] "GET /static/img/loading.gif HTTP/1.1" 200 764 "http://192.168.1.21:63341/exam_prompt.html" "Mozilla/5.0 (Windows NT 6.1; Win64; x64) AppleWebKit/537.36 (KHTML, like Gecko) Chrome/67.0.3396.99 Safari/537.36"
192.168.1.21 - - [26/Dec/2018:16:49:25 +0800] "GET /static/js/exam_prompt.js HTTP/1.1" 200 13110 "http://192.168.1.21:63341/exam_prompt.html" "Mozilla/5.0 (Windows NT 6.1; Win64; x64) AppleWebKit/537.36 (KHTML, like Gecko) Chrome/67.0.3396.99 Safari/537.36"
192.168.1.21 - - [26/Dec/2018:16:49:25 +0800] "GET /publichtml/header.html HTTP/1.1" 200 226 "http://192.168.1.21:63341/exam_prompt.html" "Mozilla/5.0 (Windows NT 6.1; Win64; x64) AppleWebKit/537.36 (KHTML, like Gecko) Chrome/67.0.3396.99 Safari/537.36"
192.168.1.21 - - [26/Dec/2018:16:49:25 +0800] "GET /publichtml/footer.html HTTP/1.1" 200 123 "http://192.168.1.21:63341/exam_prompt.html" "Mozilla/5.0 (Windows NT 6.1; Win64; x64) AppleWebKit/537.36 (KHTML, like Gecko) Chrome/67.0.3396.99 Safari/537.36"
192.168.1.21 - - [26/Dec/2018:16:49:25 +0800] "GET /publichtml/phone.html HTTP/1.1" 200 495 "http://192.168.1.21:63341/exam_prompt.html" "Mozilla/5.0 (Windows NT 6.1; Win64; x64) AppleWebKit/537.36 (KHTML, like Gecko) Chrome/67.0.3396.99 Safari/537.36"
192.168.1.21 - - [26/Dec/2018:16:49:25 +0800] "GET /static/img/bj-d.jpg HTTP/1.1" 200 1385 "http://192.168.1.21:63341/static/css/reset.css" "Mozilla/5.0 (Windows NT 6.1; Win64; x64) AppleWebKit/537.36 (KHTML, like Gecko) Chrome/67.0.3396.99 Safari/537.36"
192.168.1.21 - - [26/Dec/2018:16:49:25 +0800] "GET /static/img/con_bj.jpg HTTP/1.1" 200 18427 "http://192.168.1.21:63341/static/css/exam_prompt.css" "Mozilla/5.0 (Windows NT 6.1; Win64; x64) AppleWebKit/537.36 (KHTML, like Gecko) Chrome/67.0.3396.99 Safari/537.36"
192.168.1.21 - - [26/Dec/2018:16:49:25 +0800] "GET /static/img/bj-t.jpg HTTP/1.1" 200 2450 "http://192.168.1.21:63341/static/css/reset.css" "Mozilla/5.0 (Windows NT 6.1; Win64; x64) AppleWebKit/537.36 (KHTML, like Gecko) Chrome/67.0.3396.99 Safari/537.36"
192.168.1.21 - - [26/Dec/2018:16:49:25 +0800] "POST /exam/info HTTP/1.1" 200 2572 "http://192.168.1.21:63341/exam_prompt.html" "Mozilla/5.0 (Windows NT 6.1; Win64; x64) AppleWebKit/537.36 (KHTML, like Gecko) Chrome/67.0.3396.99 Safari/537.36"
192.168.1.21 - - [26/Dec/2018:16:49:25 +0800] "GET /static/img/phone.png HTTP/1.1" 200 2027 "http://192.168.1.21:63341/exam_prompt.html" "Mozilla/5.0 (Windows NT 6.1; Win64; x64) AppleWebKit/537.36 (KHTML, like Gecko) Chrome/67.0.3396.99 Safari/537.36"
192.168.1.21 - - [26/Dec/2018:16:49:25 +0800] "GET /static/img/sanjiao_03.png HTTP/1.1" 200 1076 "http://192.168.1.21:63341/exam_prompt.html" "Mozilla/5.0 (Windows NT 6.1; Win64; x64) AppleWebKit/537.36 (KHTML, like Gecko) Chrome/67.0.3396.99 Safari/537.36"
192.168.1.21 - - [26/Dec/2018:16:49:25 +0800] "GET /static/img/logo_bj.jpg HTTP/1.1" 200 45815 "http://192.168.1.21:63341/static/css/reset.css" "Mozilla/5.0 (Windows NT 6.1; Win64; x64) AppleWebKit/537.36 (KHTML, like Gecko) Chrome/67.0.3396.99 Safari/537.36"
192.168.1.21 - - [26/Dec/2018:16:49:30 +0800] "POST /examcount/reflush HTTP/1.1" 200 27 "http://192.168.1.21:63341/exam_prompt.html" "Mozilla/5.0 (Windows NT 6.1; Win64; x64) AppleWebKit/537.36 (KHTML, like Gecko) Chrome/67.0.3396.99 Safari/537.36"
192.168.1.21 - - [26/Dec/2018:16:49:35 +0800] "POST /examcount/reflush HTTP/1.1" 200 27 "http://192.168.1.21:63341/exam_prompt.html" "Mozilla/5.0 (Windows NT 6.1; Win64; x64) AppleWebKit/537.36 (KHTML, like Gecko) Chrome/67.0.3396.99 Safari/537.36"
192.168.1.21 - - [26/Dec/2018:16:49:40 +0800] "POST /examcount/reflush HTTP/1.1" 200 27 "http://192.168.1.21:63341/exam_prompt.html" "Mozilla/5.0 (Windows NT 6.1; Win64; x64) AppleWebKit/537.36 (KHTML, like Gecko) Chrome/67.0.3396.99 Safari/537.36"
192.168.1.21 - - [26/Dec/2018:16:49:45 +0800] "POST /examcount/reflush HTTP/1.1" 200 27 "http://192.168.1.21:63341/exam_prompt.html" "Mozilla/5.0 (Windows NT 6.1; Win64; x64) AppleWebKit/537.36 (KHTML, like Gecko) Chrome/67.0.3396.99 Safari/537.36"
192.168.1.21 - - [26/Dec/2018:16:49:50 +0800] "POST /examcount/reflush HTTP/1.1" 200 27 "http://192.168.1.21:63341/exam_prompt.html" "Mozilla/5.0 (Windows NT 6.1; Win64; x64) AppleWebKit/537.36 (KHTML, like Gecko) Chrome/67.0.3396.99 Safari/537.36"
192.168.1.21 - - [26/Dec/2018:16:49:55 +0800] "POST /examcount/reflush HTTP/1.1" 200 27 "http://192.168.1.21:63341/exam_prompt.html" "Mozilla/5.0 (Windows NT 6.1; Win64; x64) AppleWebKit/537.36 (KHTML, like Gecko) Chrome/67.0.3396.99 Safari/537.36"
192.168.1.21 - - [26/Dec/2018:16:50:00 +0800] "POST /examcount/reflush HTTP/1.1" 200 27 "http://192.168.1.21:63341/exam_prompt.html" "Mozilla/5.0 (Windows NT 6.1; Win64; x64) AppleWebKit/537.36 (KHTML, like Gecko) Chrome/67.0.3396.99 Safari/537.36"
192.168.1.21 - - [26/Dec/2018:16:50:05 +0800] "POST /examcount/reflush HTTP/1.1" 200 27 "http://192.168.1.21:63341/exam_prompt.html" "Mozilla/5.0 (Windows NT 6.1; Win64; x64) AppleWebKit/537.36 (KHTML, like Gecko) Chrome/67.0.3396.99 Safari/537.36"
192.168.1.21 - - [26/Dec/2018:16:50:10 +0800] "POST /examcount/reflush HTTP/1.1" 200 27 "http://192.168.1.21:63341/exam_prompt.html" "Mozilla/5.0 (Windows NT 6.1; Win64; x64) AppleWebKit/537.36 (KHTML, like Gecko) Chrome/67.0.3396.99 Safari/537.36"
192.168.1.21 - - [26/Dec/2018:16:50:15 +0800] "POST /examcount/reflush HTTP/1.1" 200 27 "http://192.168.1.21:63341/exam_prompt.html" "Mozilla/5.0 (Windows NT 6.1; Win64; x64) AppleWebKit/537.36 (KHTML, like Gecko) Chrome/67.0.3396.99 Safari/537.36"
192.168.1.21 - - [26/Dec/2018:16:50:20 +0800] "POST /examcount/reflush HTTP/1.1" 200 27 "http://192.168.1.21:63341/exam_prompt.html" "Mozilla/5.0 (Windows NT 6.1; Win64; x64) AppleWebKit/537.36 (KHTML, like Gecko) Chrome/67.0.3396.99 Safari/537.36"
192.168.1.21 - - [26/Dec/2018:16:50:25 +0800] "POST /examcount/reflush HTTP/1.1" 200 27 "http://192.168.1.21:63341/exam_prompt.html" "Mozilla/5.0 (Windows NT 6.1; Win64; x64) AppleWebKit/537.36 (KHTML, like Gecko) Chrome/67.0.3396.99 Safari/537.36"
192.168.1.21 - - [26/Dec/2018:16:50:30 +0800] "POST /examcount/reflush HTTP/1.1" 200 27 "http://192.168.1.21:63341/exam_prompt.html" "Mozilla/5.0 (Windows NT 6.1; Win64; x64) AppleWebKit/537.36 (KHTML, like Gecko) Chrome/67.0.3396.99 Safari/537.36"
192.168.1.207 - - [26/Dec/2018:16:50:33 +0800] "GET /login.html HTTP/1.1" 200 1121 "-" "Mozilla/5.0 (Windows NT 10.0; Win64; x64; rv:64.0) Gecko/20100101 Firefox/64.0"
192.168.1.207 - - [26/Dec/2018:16:50:33 +0800] "GET /static/css/reset.css HTTP/1.1" 200 4580 "http://192.168.1.21:63341/login.html" "Mozilla/5.0 (Windows NT 10.0; Win64; x64; rv:64.0) Gecko/20100101 Firefox/64.0"
192.168.1.207 - - [26/Dec/2018:16:50:33 +0800] "GET /static/css/login.css HTTP/1.1" 200 1351 "http://192.168.1.21:63341/login.html" "Mozilla/5.0 (Windows NT 10.0; Win64; x64; rv:64.0) Gecko/20100101 Firefox/64.0"
192.168.1.207 - - [26/Dec/2018:16:50:33 +0800] "GET /static/js/jquery.xdomainrequest.min.js HTTP/1.1" 200 1932 "http://192.168.1.21:63341/login.html" "Mozilla/5.0 (Windows NT 10.0; Win64; x64; rv:64.0) Gecko/20100101 Firefox/64.0"
192.168.1.207 - - [26/Dec/2018:16:50:33 +0800] "GET /static/js/ajaxUrl.js HTTP/1.1" 200 403 "http://192.168.1.21:63341/login.html" "Mozilla/5.0 (Windows NT 10.0; Win64; x64; rv:64.0) Gecko/20100101 Firefox/64.0"
192.168.1.207 - - [26/Dec/2018:16:50:33 +0800] "GET /static/js/login.js HTTP/1.1" 200 1912 "http://192.168.1.21:63341/login.html" "Mozilla/5.0 (Windows NT 10.0; Win64; x64; rv:64.0) Gecko/20100101 Firefox/64.0"
192.168.1.207 - - [26/Dec/2018:16:50:33 +0800] "GET /static/js/jquery2.0.min.js HTTP/1.1" 200 83110 "http://192.168.1.21:63341/login.html" "Mozilla/5.0 (Windows NT 10.0; Win64; x64; rv:64.0) Gecko/20100101 Firefox/64.0"
192.168.1.207 - - [26/Dec/2018:16:50:34 +0800] "GET /favicon.ico HTTP/1.1" 404 169 "-" "Mozilla/5.0 (Windows NT 10.0; Win64; x64; rv:64.0) Gecko/20100101 Firefox/64.0"
192.168.1.207 - - [26/Dec/2018:16:50:34 +0800] "GET /static/img/loginbg.png HTTP/1.1" 200 430741 "http://192.168.1.21:63341/static/css/login.css" "Mozilla/5.0 (Windows NT 10.0; Win64; x64; rv:64.0) Gecko/20100101 Firefox/64.0"
192.168.1.21 - - [26/Dec/2018:16:50:35 +0800] "POST /examcount/reflush HTTP/1.1" 200 27 "http://192.168.1.21:63341/exam_prompt.html" "Mozilla/5.0 (Windows NT 6.1; Win64; x64) AppleWebKit/537.36 (KHTML, like Gecko) Chrome/67.0.3396.99 Safari/537.36"
192.168.1.21 - - [26/Dec/2018:16:50:40 +0800] "POST /examcount/reflush HTTP/1.1" 200 27 "http://192.168.1.21:63341/exam_prompt.html" "Mozilla/5.0 (Windows NT 6.1; Win64; x64) AppleWebKit/537.36 (KHTML, like Gecko) Chrome/67.0.3396.99 Safari/537.36"
192.168.1.21 - - [26/Dec/2018:16:50:45 +0800] "POST /examcount/reflush HTTP/1.1" 200 27 "http://192.168.1.21:63341/exam_prompt.html" "Mozilla/5.0 (Windows NT 6.1; Win64; x64) AppleWebKit/537.36 (KHTML, like Gecko) Chrome/67.0.3396.99 Safari/537.36"
192.168.1.207 - - [26/Dec/2018:16:50:48 +0800] "POST /login HTTP/1.1" 200 234 "http://192.168.1.21:63341/login.html" "Mozilla/5.0 (Windows NT 10.0; Win64; x64; rv:64.0) Gecko/20100101 Firefox/64.0"
192.168.1.207 - - [26/Dec/2018:16:50:48 +0800] "GET /exam_prompt.html HTTP/1.1" 200 4003 "http://192.168.1.21:63341/login.html" "Mozilla/5.0 (Windows NT 10.0; Win64; x64; rv:64.0) Gecko/20100101 Firefox/64.0"
192.168.1.207 - - [26/Dec/2018:16:50:48 +0800] "GET /static/css/exam_prompt.css HTTP/1.1" 200 4479 "http://192.168.1.21:63341/exam_prompt.html" "Mozilla/5.0 (Windows NT 10.0; Win64; x64; rv:64.0) Gecko/20100101 Firefox/64.0"
192.168.1.207 - - [26/Dec/2018:16:50:48 +0800] "GET /static/js/ajaxUrl.js HTTP/1.1" 304 0 "http://192.168.1.21:63341/exam_prompt.html" "Mozilla/5.0 (Windows NT 10.0; Win64; x64; rv:64.0) Gecko/20100101 Firefox/64.0"
192.168.1.207 - - [26/Dec/2018:16:50:48 +0800] "GET /static/js/exam_prompt.js HTTP/1.1" 200 13110 "http://192.168.1.21:63341/exam_prompt.html" "Mozilla/5.0 (Windows NT 10.0; Win64; x64; rv:64.0) Gecko/20100101 Firefox/64.0"
192.168.1.207 - - [26/Dec/2018:16:50:48 +0800] "GET /static/img/loading.gif HTTP/1.1" 200 764 "http://192.168.1.21:63341/exam_prompt.html" "Mozilla/5.0 (Windows NT 10.0; Win64; x64; rv:64.0) Gecko/20100101 Firefox/64.0"
192.168.1.207 - - [26/Dec/2018:16:50:48 +0800] "GET /static/img/bj-t.jpg HTTP/1.1" 200 2450 "http://192.168.1.21:63341/static/css/reset.css" "Mozilla/5.0 (Windows NT 10.0; Win64; x64; rv:64.0) Gecko/20100101 Firefox/64.0"
192.168.1.207 - - [26/Dec/2018:16:50:48 +0800] "GET /static/img/bj-d.jpg HTTP/1.1" 200 1385 "http://192.168.1.21:63341/static/css/reset.css" "Mozilla/5.0 (Windows NT 10.0; Win64; x64; rv:64.0) Gecko/20100101 Firefox/64.0"
192.168.1.207 - - [26/Dec/2018:16:50:48 +0800] "GET /static/img/con_bj.jpg HTTP/1.1" 200 18427 "http://192.168.1.21:63341/static/css/exam_prompt.css" "Mozilla/5.0 (Windows NT 10.0; Win64; x64; rv:64.0) Gecko/20100101 Firefox/64.0"
192.168.1.207 - - [26/Dec/2018:16:50:48 +0800] "GET /publichtml/header.html HTTP/1.1" 200 226 "http://192.168.1.21:63341/exam_prompt.html" "Mozilla/5.0 (Windows NT 10.0; Win64; x64; rv:64.0) Gecko/20100101 Firefox/64.0"
192.168.1.207 - - [26/Dec/2018:16:50:48 +0800] "GET /publichtml/footer.html HTTP/1.1" 200 123 "http://192.168.1.21:63341/exam_prompt.html" "Mozilla/5.0 (Windows NT 10.0; Win64; x64; rv:64.0) Gecko/20100101 Firefox/64.0"
192.168.1.207 - - [26/Dec/2018:16:50:48 +0800] "GET /publichtml/phone.html HTTP/1.1" 200 495 "http://192.168.1.21:63341/exam_prompt.html" "Mozilla/5.0 (Windows NT 10.0; Win64; x64; rv:64.0) Gecko/20100101 Firefox/64.0"
192.168.1.207 - - [26/Dec/2018:16:50:48 +0800] "GET /static/img/phone.png HTTP/1.1" 200 2027 "http://192.168.1.21:63341/exam_prompt.html" "Mozilla/5.0 (Windows NT 10.0; Win64; x64; rv:64.0) Gecko/20100101 Firefox/64.0"
192.168.1.207 - - [26/Dec/2018:16:50:48 +0800] "GET /static/img/sanjiao_03.png HTTP/1.1" 200 1076 "http://192.168.1.21:63341/exam_prompt.html" "Mozilla/5.0 (Windows NT 10.0; Win64; x64; rv:64.0) Gecko/20100101 Firefox/64.0"
192.168.1.207 - - [26/Dec/2018:16:50:48 +0800] "GET /static/img/logo_bj.jpg HTTP/1.1" 200 45815 "http://192.168.1.21:63341/static/css/reset.css" "Mozilla/5.0 (Windows NT 10.0; Win64; x64; rv:64.0) Gecko/20100101 Firefox/64.0"
192.168.1.207 - - [26/Dec/2018:16:50:49 +0800] "POST /exam/info HTTP/1.1" 200 2572 "http://192.168.1.21:63341/exam_prompt.html" "Mozilla/5.0 (Windows NT 10.0; Win64; x64; rv:64.0) Gecko/20100101 Firefox/64.0"
192.168.1.21 - - [26/Dec/2018:16:50:50 +0800] "POST /examcount/reflush HTTP/1.1" 200 46 "http://192.168.1.21:63341/exam_prompt.html" "Mozilla/5.0 (Windows NT 6.1; Win64; x64) AppleWebKit/537.36 (KHTML, like Gecko) Chrome/67.0.3396.99 Safari/537.36"
192.168.1.21 - - [26/Dec/2018:16:50:50 +0800] "GET /static/js/ajaxUrl.js HTTP/1.1" 304 0 "http://192.168.1.21:63341/login.html" "Mozilla/5.0 (Windows NT 6.1; Win64; x64) AppleWebKit/537.36 (KHTML, like Gecko) Chrome/67.0.3396.99 Safari/537.36"
192.168.1.21 - - [26/Dec/2018:16:50:50 +0800] "GET /static/js/login.js HTTP/1.1" 304 0 "http://192.168.1.21:63341/login.html" "Mozilla/5.0 (Windows NT 6.1; Win64; x64) AppleWebKit/537.36 (KHTML, like Gecko) Chrome/67.0.3396.99 Safari/537.36"
192.168.1.207 - - [26/Dec/2018:16:50:53 +0800] "POST /examcount/reflush HTTP/1.1" 200 27 "http://192.168.1.21:63341/exam_prompt.html" "Mozilla/5.0 (Windows NT 10.0; Win64; x64; rv:64.0) Gecko/20100101 Firefox/64.0"
192.168.1.207 - - [26/Dec/2018:16:50:58 +0800] "POST /examcount/reflush HTTP/1.1" 200 27 "http://192.168.1.21:63341/exam_prompt.html" "Mozilla/5.0 (Windows NT 10.0; Win64; x64; rv:64.0) Gecko/20100101 Firefox/64.0"
192.168.1.207 - - [26/Dec/2018:16:51:03 +0800] "POST /examcount/reflush HTTP/1.1" 200 27 "http://192.168.1.21:63341/exam_prompt.html" "Mozilla/5.0 (Windows NT 10.0; Win64; x64; rv:64.0) Gecko/20100101 Firefox/64.0"
192.168.1.207 - - [26/Dec/2018:16:51:08 +0800] "POST /examcount/reflush HTTP/1.1" 200 27 "http://192.168.1.21:63341/exam_prompt.html" "Mozilla/5.0 (Windows NT 10.0; Win64; x64; rv:64.0) Gecko/20100101 Firefox/64.0"
192.168.1.207 - - [26/Dec/2018:16:51:13 +0800] "POST /examcount/reflush HTTP/1.1" 200 27 "http://192.168.1.21:63341/exam_prompt.html" "Mozilla/5.0 (Windows NT 10.0; Win64; x64; rv:64.0) Gecko/20100101 Firefox/64.0"
192.168.1.207 - - [26/Dec/2018:16:51:18 +0800] "POST /examcount/reflush HTTP/1.1" 200 27 "http://192.168.1.21:63341/exam_prompt.html" "Mozilla/5.0 (Windows NT 10.0; Win64; x64; rv:64.0) Gecko/20100101 Firefox/64.0"
192.168.1.207 - - [26/Dec/2018:16:51:23 +0800] "POST /examcount/reflush HTTP/1.1" 200 27 "http://192.168.1.21:63341/exam_prompt.html" "Mozilla/5.0 (Windows NT 10.0; Win64; x64; rv:64.0) Gecko/20100101 Firefox/64.0"
192.168.1.207 - - [26/Dec/2018:16:51:28 +0800] "POST /examcount/reflush HTTP/1.1" 200 27 "http://192.168.1.21:63341/exam_prompt.html" "Mozilla/5.0 (Windows NT 10.0; Win64; x64; rv:64.0) Gecko/20100101 Firefox/64.0"
192.168.1.207 - - [26/Dec/2018:16:51:33 +0800] "POST /examcount/reflush HTTP/1.1" 200 27 "http://192.168.1.21:63341/exam_prompt.html" "Mozilla/5.0 (Windows NT 10.0; Win64; x64; rv:64.0) Gecko/20100101 Firefox/64.0"
192.168.1.207 - - [26/Dec/2018:16:51:38 +0800] "POST /examcount/reflush HTTP/1.1" 200 27 "http://192.168.1.21:63341/exam_prompt.html" "Mozilla/5.0 (Windows NT 10.0; Win64; x64; rv:64.0) Gecko/20100101 Firefox/64.0"
192.168.1.207 - - [26/Dec/2018:16:51:43 +0800] "POST /examcount/reflush HTTP/1.1" 200 27 "http://192.168.1.21:63341/exam_prompt.html" "Mozilla/5.0 (Windows NT 10.0; Win64; x64; rv:64.0) Gecko/20100101 Firefox/64.0"
192.168.1.207 - - [26/Dec/2018:16:51:48 +0800] "POST /examcount/reflush HTTP/1.1" 200 27 "http://192.168.1.21:63341/exam_prompt.html" "Mozilla/5.0 (Windows NT 10.0; Win64; x64; rv:64.0) Gecko/20100101 Firefox/64.0"
192.168.1.207 - - [26/Dec/2018:16:51:53 +0800] "POST /examcount/reflush HTTP/1.1" 200 27 "http://192.168.1.21:63341/exam_prompt.html" "Mozilla/5.0 (Windows NT 10.0; Win64; x64; rv:64.0) Gecko/20100101 Firefox/64.0"
192.168.1.207 - - [26/Dec/2018:16:51:58 +0800] "POST /examcount/reflush HTTP/1.1" 200 27 "http://192.168.1.21:63341/exam_prompt.html" "Mozilla/5.0 (Windows NT 10.0; Win64; x64; rv:64.0) Gecko/20100101 Firefox/64.0"
192.168.1.207 - - [26/Dec/2018:16:52:04 +0800] "POST /examcount/reflush HTTP/1.1" 200 27 "http://192.168.1.21:63341/exam_prompt.html" "Mozilla/5.0 (Windows NT 10.0; Win64; x64; rv:64.0) Gecko/20100101 Firefox/64.0"
192.168.1.207 - - [26/Dec/2018:16:52:08 +0800] "POST /examcount/reflush HTTP/1.1" 200 27 "http://192.168.1.21:63341/exam_prompt.html" "Mozilla/5.0 (Windows NT 10.0; Win64; x64; rv:64.0) Gecko/20100101 Firefox/64.0"
192.168.1.207 - - [26/Dec/2018:16:52:14 +0800] "POST /examcount/reflush HTTP/1.1" 200 27 "http://192.168.1.21:63341/exam_prompt.html" "Mozilla/5.0 (Windows NT 10.0; Win64; x64; rv:64.0) Gecko/20100101 Firefox/64.0"
192.168.1.207 - - [26/Dec/2018:16:52:19 +0800] "POST /examcount/reflush HTTP/1.1" 200 27 "http://192.168.1.21:63341/exam_prompt.html" "Mozilla/5.0 (Windows NT 10.0; Win64; x64; rv:64.0) Gecko/20100101 Firefox/64.0"
192.168.1.207 - - [26/Dec/2018:16:52:24 +0800] "POST /examcount/reflush HTTP/1.1" 200 27 "http://192.168.1.21:63341/exam_prompt.html" "Mozilla/5.0 (Windows NT 10.0; Win64; x64; rv:64.0) Gecko/20100101 Firefox/64.0"
192.168.1.207 - - [26/Dec/2018:16:52:29 +0800] "POST /examcount/reflush HTTP/1.1" 200 27 "http://192.168.1.21:63341/exam_prompt.html" "Mozilla/5.0 (Windows NT 10.0; Win64; x64; rv:64.0) Gecko/20100101 Firefox/64.0"
192.168.1.207 - - [26/Dec/2018:16:52:34 +0800] "POST /examcount/reflush HTTP/1.1" 200 27 "http://192.168.1.21:63341/exam_prompt.html" "Mozilla/5.0 (Windows NT 10.0; Win64; x64; rv:64.0) Gecko/20100101 Firefox/64.0"
192.168.1.207 - - [26/Dec/2018:16:52:39 +0800] "POST /examcount/reflush HTTP/1.1" 200 27 "http://192.168.1.21:63341/exam_prompt.html" "Mozilla/5.0 (Windows NT 10.0; Win64; x64; rv:64.0) Gecko/20100101 Firefox/64.0"
192.168.1.207 - - [26/Dec/2018:16:52:44 +0800] "POST /examcount/reflush HTTP/1.1" 200 27 "http://192.168.1.21:63341/exam_prompt.html" "Mozilla/5.0 (Windows NT 10.0; Win64; x64; rv:64.0) Gecko/20100101 Firefox/64.0"
192.168.1.207 - - [26/Dec/2018:16:52:49 +0800] "POST /examcount/reflush HTTP/1.1" 200 27 "http://192.168.1.21:63341/exam_prompt.html" "Mozilla/5.0 (Windows NT 10.0; Win64; x64; rv:64.0) Gecko/20100101 Firefox/64.0"
192.168.1.207 - - [26/Dec/2018:16:52:54 +0800] "POST /examcount/reflush HTTP/1.1" 200 27 "http://192.168.1.21:63341/exam_prompt.html" "Mozilla/5.0 (Windows NT 10.0; Win64; x64; rv:64.0) Gecko/20100101 Firefox/64.0"
192.168.1.207 - - [26/Dec/2018:16:52:59 +0800] "POST /examcount/reflush HTTP/1.1" 200 27 "http://192.168.1.21:63341/exam_prompt.html" "Mozilla/5.0 (Windows NT 10.0; Win64; x64; rv:64.0) Gecko/20100101 Firefox/64.0"
192.168.1.207 - - [26/Dec/2018:16:53:04 +0800] "POST /examcount/reflush HTTP/1.1" 200 27 "http://192.168.1.21:63341/exam_prompt.html" "Mozilla/5.0 (Windows NT 10.0; Win64; x64; rv:64.0) Gecko/20100101 Firefox/64.0"
192.168.1.207 - - [26/Dec/2018:16:53:09 +0800] "POST /examcount/reflush HTTP/1.1" 200 27 "http://192.168.1.21:63341/exam_prompt.html" "Mozilla/5.0 (Windows NT 10.0; Win64; x64; rv:64.0) Gecko/20100101 Firefox/64.0"
192.168.1.207 - - [26/Dec/2018:16:53:14 +0800] "POST /examcount/reflush HTTP/1.1" 200 27 "http://192.168.1.21:63341/exam_prompt.html" "Mozilla/5.0 (Windows NT 10.0; Win64; x64; rv:64.0) Gecko/20100101 Firefox/64.0"
192.168.1.207 - - [26/Dec/2018:16:53:19 +0800] "POST /examcount/reflush HTTP/1.1" 200 27 "http://192.168.1.21:63341/exam_prompt.html" "Mozilla/5.0 (Windows NT 10.0; Win64; x64; rv:64.0) Gecko/20100101 Firefox/64.0"
192.168.1.207 - - [26/Dec/2018:16:53:24 +0800] "POST /examcount/reflush HTTP/1.1" 200 27 "http://192.168.1.21:63341/exam_prompt.html" "Mozilla/5.0 (Windows NT 10.0; Win64; x64; rv:64.0) Gecko/20100101 Firefox/64.0"
192.168.1.207 - - [26/Dec/2018:16:53:29 +0800] "POST /examcount/reflush HTTP/1.1" 200 27 "http://192.168.1.21:63341/exam_prompt.html" "Mozilla/5.0 (Windows NT 10.0; Win64; x64; rv:64.0) Gecko/20100101 Firefox/64.0"
192.168.1.207 - - [26/Dec/2018:16:53:34 +0800] "POST /examcount/reflush HTTP/1.1" 200 27 "http://192.168.1.21:63341/exam_prompt.html" "Mozilla/5.0 (Windows NT 10.0; Win64; x64; rv:64.0) Gecko/20100101 Firefox/64.0"
192.168.1.207 - - [26/Dec/2018:16:53:39 +0800] "POST /examcount/reflush HTTP/1.1" 200 27 "http://192.168.1.21:63341/exam_prompt.html" "Mozilla/5.0 (Windows NT 10.0; Win64; x64; rv:64.0) Gecko/20100101 Firefox/64.0"
192.168.1.207 - - [26/Dec/2018:16:53:44 +0800] "POST /examcount/reflush HTTP/1.1" 200 27 "http://192.168.1.21:63341/exam_prompt.html" "Mozilla/5.0 (Windows NT 10.0; Win64; x64; rv:64.0) Gecko/20100101 Firefox/64.0"
192.168.1.207 - - [26/Dec/2018:16:53:49 +0800] "POST /examcount/reflush HTTP/1.1" 200 27 "http://192.168.1.21:63341/exam_prompt.html" "Mozilla/5.0 (Windows NT 10.0; Win64; x64; rv:64.0) Gecko/20100101 Firefox/64.0"
192.168.1.207 - - [26/Dec/2018:16:53:54 +0800] "POST /examcount/reflush HTTP/1.1" 200 27 "http://192.168.1.21:63341/exam_prompt.html" "Mozilla/5.0 (Windows NT 10.0; Win64; x64; rv:64.0) Gecko/20100101 Firefox/64.0"
192.168.1.207 - - [26/Dec/2018:16:53:59 +0800] "POST /examcount/reflush HTTP/1.1" 200 27 "http://192.168.1.21:63341/exam_prompt.html" "Mozilla/5.0 (Windows NT 10.0; Win64; x64; rv:64.0) Gecko/20100101 Firefox/64.0"
192.168.1.207 - - [26/Dec/2018:16:54:04 +0800] "POST /examcount/reflush HTTP/1.1" 200 27 "http://192.168.1.21:63341/exam_prompt.html" "Mozilla/5.0 (Windows NT 10.0; Win64; x64; rv:64.0) Gecko/20100101 Firefox/64.0"
192.168.1.207 - - [26/Dec/2018:16:54:09 +0800] "POST /examcount/reflush HTTP/1.1" 200 27 "http://192.168.1.21:63341/exam_prompt.html" "Mozilla/5.0 (Windows NT 10.0; Win64; x64; rv:64.0) Gecko/20100101 Firefox/64.0"
192.168.1.207 - - [26/Dec/2018:16:54:14 +0800] "POST /examcount/reflush HTTP/1.1" 200 27 "http://192.168.1.21:63341/exam_prompt.html" "Mozilla/5.0 (Windows NT 10.0; Win64; x64; rv:64.0) Gecko/20100101 Firefox/64.0"
192.168.1.207 - - [26/Dec/2018:16:54:19 +0800] "POST /examcount/reflush HTTP/1.1" 200 27 "http://192.168.1.21:63341/exam_prompt.html" "Mozilla/5.0 (Windows NT 10.0; Win64; x64; rv:64.0) Gecko/20100101 Firefox/64.0"
192.168.1.207 - - [26/Dec/2018:16:54:24 +0800] "POST /examcount/reflush HTTP/1.1" 200 27 "http://192.168.1.21:63341/exam_prompt.html" "Mozilla/5.0 (Windows NT 10.0; Win64; x64; rv:64.0) Gecko/20100101 Firefox/64.0"
192.168.1.207 - - [26/Dec/2018:16:54:29 +0800] "POST /examcount/reflush HTTP/1.1" 200 27 "http://192.168.1.21:63341/exam_prompt.html" "Mozilla/5.0 (Windows NT 10.0; Win64; x64; rv:64.0) Gecko/20100101 Firefox/64.0"
192.168.1.207 - - [26/Dec/2018:16:54:34 +0800] "POST /examcount/reflush HTTP/1.1" 200 27 "http://192.168.1.21:63341/exam_prompt.html" "Mozilla/5.0 (Windows NT 10.0; Win64; x64; rv:64.0) Gecko/20100101 Firefox/64.0"
192.168.1.207 - - [26/Dec/2018:16:54:39 +0800] "POST /examcount/reflush HTTP/1.1" 200 27 "http://192.168.1.21:63341/exam_prompt.html" "Mozilla/5.0 (Windows NT 10.0; Win64; x64; rv:64.0) Gecko/20100101 Firefox/64.0"
192.168.1.207 - - [26/Dec/2018:16:54:44 +0800] "POST /examcount/reflush HTTP/1.1" 200 27 "http://192.168.1.21:63341/exam_prompt.html" "Mozilla/5.0 (Windows NT 10.0; Win64; x64; rv:64.0) Gecko/20100101 Firefox/64.0"
192.168.1.207 - - [26/Dec/2018:16:54:49 +0800] "POST /examcount/reflush HTTP/1.1" 200 27 "http://192.168.1.21:63341/exam_prompt.html" "Mozilla/5.0 (Windows NT 10.0; Win64; x64; rv:64.0) Gecko/20100101 Firefox/64.0"
192.168.1.207 - - [26/Dec/2018:16:54:54 +0800] "POST /examcount/reflush HTTP/1.1" 200 27 "http://192.168.1.21:63341/exam_prompt.html" "Mozilla/5.0 (Windows NT 10.0; Win64; x64; rv:64.0) Gecko/20100101 Firefox/64.0"
192.168.1.207 - - [26/Dec/2018:16:54:59 +0800] "POST /examcount/reflush HTTP/1.1" 200 27 "http://192.168.1.21:63341/exam_prompt.html" "Mozilla/5.0 (Windows NT 10.0; Win64; x64; rv:64.0) Gecko/20100101 Firefox/64.0"
192.168.1.207 - - [26/Dec/2018:16:55:04 +0800] "POST /examcount/reflush HTTP/1.1" 200 27 "http://192.168.1.21:63341/exam_prompt.html" "Mozilla/5.0 (Windows NT 10.0; Win64; x64; rv:64.0) Gecko/20100101 Firefox/64.0"
192.168.1.207 - - [26/Dec/2018:16:55:09 +0800] "POST /examcount/reflush HTTP/1.1" 200 27 "http://192.168.1.21:63341/exam_prompt.html" "Mozilla/5.0 (Windows NT 10.0; Win64; x64; rv:64.0) Gecko/20100101 Firefox/64.0"
192.168.1.207 - - [26/Dec/2018:16:55:14 +0800] "POST /examcount/reflush HTTP/1.1" 200 27 "http://192.168.1.21:63341/exam_prompt.html" "Mozilla/5.0 (Windows NT 10.0; Win64; x64; rv:64.0) Gecko/20100101 Firefox/64.0"
192.168.1.207 - - [26/Dec/2018:16:55:19 +0800] "POST /examcount/reflush HTTP/1.1" 200 27 "http://192.168.1.21:63341/exam_prompt.html" "Mozilla/5.0 (Windows NT 10.0; Win64; x64; rv:64.0) Gecko/20100101 Firefox/64.0"
192.168.1.21 - - [26/Dec/2018:16:55:20 +0800] "GET /static/js/ajaxUrl.js HTTP/1.1" 304 0 "http://192.168.1.21:63341/login.html" "Mozilla/5.0 (Windows NT 6.1; Win64; x64) AppleWebKit/537.36 (KHTML, like Gecko) Chrome/67.0.3396.99 Safari/537.36"
192.168.1.21 - - [26/Dec/2018:16:55:20 +0800] "GET /static/js/login.js HTTP/1.1" 304 0 "http://192.168.1.21:63341/login.html" "Mozilla/5.0 (Windows NT 6.1; Win64; x64) AppleWebKit/537.36 (KHTML, like Gecko) Chrome/67.0.3396.99 Safari/537.36"
192.168.1.207 - - [26/Dec/2018:16:55:24 +0800] "POST /examcount/reflush HTTP/1.1" 200 27 "http://192.168.1.21:63341/exam_prompt.html" "Mozilla/5.0 (Windows NT 10.0; Win64; x64; rv:64.0) Gecko/20100101 Firefox/64.0"
192.168.1.21 - - [26/Dec/2018:16:55:26 +0800] "GET /jump.html HTTP/1.1" 200 331 "-" "Mozilla/5.0 (Windows NT 6.1; Win64; x64) AppleWebKit/537.36 (KHTML, like Gecko) Chrome/67.0.3396.99 Safari/537.36"
192.168.1.21 - - [26/Dec/2018:16:55:28 +0800] "GET /exam_prompt.html?code=F973A22CBDA8615BD32A9595B96408E8E61D34140DFAB6A1D5FB209B4BFE0966 HTTP/1.1" 200 4003 "http://192.168.1.21:63341/jump.html" "Mozilla/5.0 (Windows NT 6.1; Win64; x64) AppleWebKit/537.36 (KHTML, like Gecko) Chrome/67.0.3396.99 Safari/537.36"
192.168.1.21 - - [26/Dec/2018:16:55:28 +0800] "GET /static/js/exam_prompt.js HTTP/1.1" 304 0 "http://192.168.1.21:63341/exam_prompt.html?code=F973A22CBDA8615BD32A9595B96408E8E61D34140DFAB6A1D5FB209B4BFE0966" "Mozilla/5.0 (Windows NT 6.1; Win64; x64) AppleWebKit/537.36 (KHTML, like Gecko) Chrome/67.0.3396.99 Safari/537.36"
192.168.1.21 - - [26/Dec/2018:16:55:28 +0800] "GET /login?code=F973A22CBDA8615BD32A9595B96408E8E61D34140DFAB6A1D5FB209B4BFE0966 HTTP/1.1" 200 234 "http://192.168.1.21:63341/exam_prompt.html?code=F973A22CBDA8615BD32A9595B96408E8E61D34140DFAB6A1D5FB209B4BFE0966" "Mozilla/5.0 (Windows NT 6.1; Win64; x64) AppleWebKit/537.36 (KHTML, like Gecko) Chrome/67.0.3396.99 Safari/537.36"
192.168.1.21 - - [26/Dec/2018:16:55:28 +0800] "POST /exam/info HTTP/1.1" 200 2574 "http://192.168.1.21:63341/exam_prompt.html?code=F973A22CBDA8615BD32A9595B96408E8E61D34140DFAB6A1D5FB209B4BFE0966" "Mozilla/5.0 (Windows NT 6.1; Win64; x64) AppleWebKit/537.36 (KHTML, like Gecko) Chrome/67.0.3396.99 Safari/537.36"
192.168.1.207 - - [26/Dec/2018:16:55:29 +0800] "POST /examcount/reflush HTTP/1.1" 200 27 "http://192.168.1.21:63341/exam_prompt.html" "Mozilla/5.0 (Windows NT 10.0; Win64; x64; rv:64.0) Gecko/20100101 Firefox/64.0"
192.168.1.21 - - [26/Dec/2018:16:55:33 +0800] "POST /examcount/reflush HTTP/1.1" 200 27 "http://192.168.1.21:63341/exam_prompt.html?code=F973A22CBDA8615BD32A9595B96408E8E61D34140DFAB6A1D5FB209B4BFE0966" "Mozilla/5.0 (Windows NT 6.1; Win64; x64) AppleWebKit/537.36 (KHTML, like Gecko) Chrome/67.0.3396.99 Safari/537.36"
192.168.1.207 - - [26/Dec/2018:16:55:34 +0800] "POST /examcount/reflush HTTP/1.1" 200 27 "http://192.168.1.21:63341/exam_prompt.html" "Mozilla/5.0 (Windows NT 10.0; Win64; x64; rv:64.0) Gecko/20100101 Firefox/64.0"
192.168.1.21 - - [26/Dec/2018:16:55:38 +0800] "POST /examcount/reflush HTTP/1.1" 200 27 "http://192.168.1.21:63341/exam_prompt.html?code=F973A22CBDA8615BD32A9595B96408E8E61D34140DFAB6A1D5FB209B4BFE0966" "Mozilla/5.0 (Windows NT 6.1; Win64; x64) AppleWebKit/537.36 (KHTML, like Gecko) Chrome/67.0.3396.99 Safari/537.36"
192.168.1.207 - - [26/Dec/2018:16:55:39 +0800] "POST /examcount/reflush HTTP/1.1" 200 27 "http://192.168.1.21:63341/exam_prompt.html" "Mozilla/5.0 (Windows NT 10.0; Win64; x64; rv:64.0) Gecko/20100101 Firefox/64.0"
192.168.1.21 - - [26/Dec/2018:16:55:43 +0800] "POST /examcount/reflush HTTP/1.1" 200 27 "http://192.168.1.21:63341/exam_prompt.html?code=F973A22CBDA8615BD32A9595B96408E8E61D34140DFAB6A1D5FB209B4BFE0966" "Mozilla/5.0 (Windows NT 6.1; Win64; x64) AppleWebKit/537.36 (KHTML, like Gecko) Chrome/67.0.3396.99 Safari/537.36"
192.168.1.207 - - [26/Dec/2018:16:55:44 +0800] "POST /examcount/reflush HTTP/1.1" 200 27 "http://192.168.1.21:63341/exam_prompt.html" "Mozilla/5.0 (Windows NT 10.0; Win64; x64; rv:64.0) Gecko/20100101 Firefox/64.0"
192.168.1.21 - - [26/Dec/2018:16:55:48 +0800] "POST /examcount/reflush HTTP/1.1" 200 27 "http://192.168.1.21:63341/exam_prompt.html?code=F973A22CBDA8615BD32A9595B96408E8E61D34140DFAB6A1D5FB209B4BFE0966" "Mozilla/5.0 (Windows NT 6.1; Win64; x64) AppleWebKit/537.36 (KHTML, like Gecko) Chrome/67.0.3396.99 Safari/537.36"
192.168.1.207 - - [26/Dec/2018:16:55:49 +0800] "POST /examcount/reflush HTTP/1.1" 200 27 "http://192.168.1.21:63341/exam_prompt.html" "Mozilla/5.0 (Windows NT 10.0; Win64; x64; rv:64.0) Gecko/20100101 Firefox/64.0"
192.168.1.21 - - [26/Dec/2018:16:55:53 +0800] "POST /examcount/reflush HTTP/1.1" 200 27 "http://192.168.1.21:63341/exam_prompt.html?code=F973A22CBDA8615BD32A9595B96408E8E61D34140DFAB6A1D5FB209B4BFE0966" "Mozilla/5.0 (Windows NT 6.1; Win64; x64) AppleWebKit/537.36 (KHTML, like Gecko) Chrome/67.0.3396.99 Safari/537.36"
192.168.1.207 - - [26/Dec/2018:16:55:54 +0800] "POST /examcount/reflush HTTP/1.1" 200 27 "http://192.168.1.21:63341/exam_prompt.html" "Mozilla/5.0 (Windows NT 10.0; Win64; x64; rv:64.0) Gecko/20100101 Firefox/64.0"
192.168.1.21 - - [26/Dec/2018:16:55:58 +0800] "POST /examcount/reflush HTTP/1.1" 200 27 "http://192.168.1.21:63341/exam_prompt.html?code=F973A22CBDA8615BD32A9595B96408E8E61D34140DFAB6A1D5FB209B4BFE0966" "Mozilla/5.0 (Windows NT 6.1; Win64; x64) AppleWebKit/537.36 (KHTML, like Gecko) Chrome/67.0.3396.99 Safari/537.36"
192.168.1.207 - - [26/Dec/2018:16:55:59 +0800] "POST /examcount/reflush HTTP/1.1" 200 27 "http://192.168.1.21:63341/exam_prompt.html" "Mozilla/5.0 (Windows NT 10.0; Win64; x64; rv:64.0) Gecko/20100101 Firefox/64.0"
192.168.1.21 - - [26/Dec/2018:16:56:03 +0800] "POST /examcount/reflush HTTP/1.1" 200 27 "http://192.168.1.21:63341/exam_prompt.html?code=F973A22CBDA8615BD32A9595B96408E8E61D34140DFAB6A1D5FB209B4BFE0966" "Mozilla/5.0 (Windows NT 6.1; Win64; x64) AppleWebKit/537.36 (KHTML, like Gecko) Chrome/67.0.3396.99 Safari/537.36"
192.168.1.207 - - [26/Dec/2018:16:56:04 +0800] "POST /examcount/reflush HTTP/1.1" 200 27 "http://192.168.1.21:63341/exam_prompt.html" "Mozilla/5.0 (Windows NT 10.0; Win64; x64; rv:64.0) Gecko/20100101 Firefox/64.0"
192.168.1.21 - - [26/Dec/2018:16:56:08 +0800] "POST /examcount/reflush HTTP/1.1" 200 27 "http://192.168.1.21:63341/exam_prompt.html?code=F973A22CBDA8615BD32A9595B96408E8E61D34140DFAB6A1D5FB209B4BFE0966" "Mozilla/5.0 (Windows NT 6.1; Win64; x64) AppleWebKit/537.36 (KHTML, like Gecko) Chrome/67.0.3396.99 Safari/537.36"
192.168.1.207 - - [26/Dec/2018:16:56:09 +0800] "POST /examcount/reflush HTTP/1.1" 200 27 "http://192.168.1.21:63341/exam_prompt.html" "Mozilla/5.0 (Windows NT 10.0; Win64; x64; rv:64.0) Gecko/20100101 Firefox/64.0"
192.168.1.21 - - [26/Dec/2018:16:56:13 +0800] "POST /examcount/reflush HTTP/1.1" 200 27 "http://192.168.1.21:63341/exam_prompt.html?code=F973A22CBDA8615BD32A9595B96408E8E61D34140DFAB6A1D5FB209B4BFE0966" "Mozilla/5.0 (Windows NT 6.1; Win64; x64) AppleWebKit/537.36 (KHTML, like Gecko) Chrome/67.0.3396.99 Safari/537.36"
192.168.1.207 - - [26/Dec/2018:16:56:14 +0800] "POST /examcount/reflush HTTP/1.1" 200 27 "http://192.168.1.21:63341/exam_prompt.html" "Mozilla/5.0 (Windows NT 10.0; Win64; x64; rv:64.0) Gecko/20100101 Firefox/64.0"
192.168.1.21 - - [26/Dec/2018:16:56:18 +0800] "POST /examcount/reflush HTTP/1.1" 200 27 "http://192.168.1.21:63341/exam_prompt.html?code=F973A22CBDA8615BD32A9595B96408E8E61D34140DFAB6A1D5FB209B4BFE0966" "Mozilla/5.0 (Windows NT 6.1; Win64; x64) AppleWebKit/537.36 (KHTML, like Gecko) Chrome/67.0.3396.99 Safari/537.36"
192.168.1.207 - - [26/Dec/2018:16:56:19 +0800] "POST /examcount/reflush HTTP/1.1" 200 27 "http://192.168.1.21:63341/exam_prompt.html" "Mozilla/5.0 (Windows NT 10.0; Win64; x64; rv:64.0) Gecko/20100101 Firefox/64.0"
192.168.1.21 - - [26/Dec/2018:16:56:23 +0800] "POST /examcount/reflush HTTP/1.1" 200 27 "http://192.168.1.21:63341/exam_prompt.html?code=F973A22CBDA8615BD32A9595B96408E8E61D34140DFAB6A1D5FB209B4BFE0966" "Mozilla/5.0 (Windows NT 6.1; Win64; x64) AppleWebKit/537.36 (KHTML, like Gecko) Chrome/67.0.3396.99 Safari/537.36"
192.168.1.207 - - [26/Dec/2018:16:56:24 +0800] "POST /examcount/reflush HTTP/1.1" 200 27 "http://192.168.1.21:63341/exam_prompt.html" "Mozilla/5.0 (Windows NT 10.0; Win64; x64; rv:64.0) Gecko/20100101 Firefox/64.0"
192.168.1.21 - - [26/Dec/2018:16:56:28 +0800] "POST /examcount/reflush HTTP/1.1" 200 27 "http://192.168.1.21:63341/exam_prompt.html?code=F973A22CBDA8615BD32A9595B96408E8E61D34140DFAB6A1D5FB209B4BFE0966" "Mozilla/5.0 (Windows NT 6.1; Win64; x64) AppleWebKit/537.36 (KHTML, like Gecko) Chrome/67.0.3396.99 Safari/537.36"
192.168.1.207 - - [26/Dec/2018:16:56:29 +0800] "POST /examcount/reflush HTTP/1.1" 200 27 "http://192.168.1.21:63341/exam_prompt.html" "Mozilla/5.0 (Windows NT 10.0; Win64; x64; rv:64.0) Gecko/20100101 Firefox/64.0"
192.168.1.21 - - [26/Dec/2018:16:56:33 +0800] "POST /examcount/reflush HTTP/1.1" 200 27 "http://192.168.1.21:63341/exam_prompt.html?code=F973A22CBDA8615BD32A9595B96408E8E61D34140DFAB6A1D5FB209B4BFE0966" "Mozilla/5.0 (Windows NT 6.1; Win64; x64) AppleWebKit/537.36 (KHTML, like Gecko) Chrome/67.0.3396.99 Safari/537.36"
192.168.1.207 - - [26/Dec/2018:16:56:34 +0800] "POST /examcount/reflush HTTP/1.1" 200 27 "http://192.168.1.21:63341/exam_prompt.html" "Mozilla/5.0 (Windows NT 10.0; Win64; x64; rv:64.0) Gecko/20100101 Firefox/64.0"
192.168.1.21 - - [26/Dec/2018:16:56:38 +0800] "POST /examcount/reflush HTTP/1.1" 200 27 "http://192.168.1.21:63341/exam_prompt.html?code=F973A22CBDA8615BD32A9595B96408E8E61D34140DFAB6A1D5FB209B4BFE0966" "Mozilla/5.0 (Windows NT 6.1; Win64; x64) AppleWebKit/537.36 (KHTML, like Gecko) Chrome/67.0.3396.99 Safari/537.36"
192.168.1.207 - - [26/Dec/2018:16:56:39 +0800] "POST /examcount/reflush HTTP/1.1" 200 27 "http://192.168.1.21:63341/exam_prompt.html" "Mozilla/5.0 (Windows NT 10.0; Win64; x64; rv:64.0) Gecko/20100101 Firefox/64.0"
192.168.1.21 - - [26/Dec/2018:16:56:43 +0800] "POST /examcount/reflush HTTP/1.1" 200 27 "http://192.168.1.21:63341/exam_prompt.html?code=F973A22CBDA8615BD32A9595B96408E8E61D34140DFAB6A1D5FB209B4BFE0966" "Mozilla/5.0 (Windows NT 6.1; Win64; x64) AppleWebKit/537.36 (KHTML, like Gecko) Chrome/67.0.3396.99 Safari/537.36"
192.168.1.207 - - [26/Dec/2018:16:56:44 +0800] "POST /examcount/reflush HTTP/1.1" 200 27 "http://192.168.1.21:63341/exam_prompt.html" "Mozilla/5.0 (Windows NT 10.0; Win64; x64; rv:64.0) Gecko/20100101 Firefox/64.0"
192.168.1.21 - - [26/Dec/2018:16:56:48 +0800] "POST /examcount/reflush HTTP/1.1" 200 27 "http://192.168.1.21:63341/exam_prompt.html?code=F973A22CBDA8615BD32A9595B96408E8E61D34140DFAB6A1D5FB209B4BFE0966" "Mozilla/5.0 (Windows NT 6.1; Win64; x64) AppleWebKit/537.36 (KHTML, like Gecko) Chrome/67.0.3396.99 Safari/537.36"
192.168.1.207 - - [26/Dec/2018:16:56:49 +0800] "POST /examcount/reflush HTTP/1.1" 200 27 "http://192.168.1.21:63341/exam_prompt.html" "Mozilla/5.0 (Windows NT 10.0; Win64; x64; rv:64.0) Gecko/20100101 Firefox/64.0"
192.168.1.21 - - [26/Dec/2018:16:56:53 +0800] "POST /examcount/reflush HTTP/1.1" 200 27 "http://192.168.1.21:63341/exam_prompt.html?code=F973A22CBDA8615BD32A9595B96408E8E61D34140DFAB6A1D5FB209B4BFE0966" "Mozilla/5.0 (Windows NT 6.1; Win64; x64) AppleWebKit/537.36 (KHTML, like Gecko) Chrome/67.0.3396.99 Safari/537.36"
192.168.1.207 - - [26/Dec/2018:16:56:54 +0800] "POST /examcount/reflush HTTP/1.1" 200 27 "http://192.168.1.21:63341/exam_prompt.html" "Mozilla/5.0 (Windows NT 10.0; Win64; x64; rv:64.0) Gecko/20100101 Firefox/64.0"
192.168.1.21 - - [26/Dec/2018:16:56:58 +0800] "POST /examcount/reflush HTTP/1.1" 200 27 "http://192.168.1.21:63341/exam_prompt.html?code=F973A22CBDA8615BD32A9595B96408E8E61D34140DFAB6A1D5FB209B4BFE0966" "Mozilla/5.0 (Windows NT 6.1; Win64; x64) AppleWebKit/537.36 (KHTML, like Gecko) Chrome/67.0.3396.99 Safari/537.36"
192.168.1.207 - - [26/Dec/2018:16:56:59 +0800] "POST /examcount/reflush HTTP/1.1" 200 27 "http://192.168.1.21:63341/exam_prompt.html" "Mozilla/5.0 (Windows NT 10.0; Win64; x64; rv:64.0) Gecko/20100101 Firefox/64.0"
192.168.1.21 - - [26/Dec/2018:16:57:03 +0800] "POST /examcount/reflush HTTP/1.1" 200 27 "http://192.168.1.21:63341/exam_prompt.html?code=F973A22CBDA8615BD32A9595B96408E8E61D34140DFAB6A1D5FB209B4BFE0966" "Mozilla/5.0 (Windows NT 6.1; Win64; x64) AppleWebKit/537.36 (KHTML, like Gecko) Chrome/67.0.3396.99 Safari/537.36"
192.168.1.207 - - [26/Dec/2018:16:57:04 +0800] "POST /examcount/reflush HTTP/1.1" 200 27 "http://192.168.1.21:63341/exam_prompt.html" "Mozilla/5.0 (Windows NT 10.0; Win64; x64; rv:64.0) Gecko/20100101 Firefox/64.0"
192.168.1.21 - - [26/Dec/2018:16:57:08 +0800] "POST /examcount/reflush HTTP/1.1" 200 27 "http://192.168.1.21:63341/exam_prompt.html?code=F973A22CBDA8615BD32A9595B96408E8E61D34140DFAB6A1D5FB209B4BFE0966" "Mozilla/5.0 (Windows NT 6.1; Win64; x64) AppleWebKit/537.36 (KHTML, like Gecko) Chrome/67.0.3396.99 Safari/537.36"
192.168.1.207 - - [26/Dec/2018:16:57:09 +0800] "POST /examcount/reflush HTTP/1.1" 200 27 "http://192.168.1.21:63341/exam_prompt.html" "Mozilla/5.0 (Windows NT 10.0; Win64; x64; rv:64.0) Gecko/20100101 Firefox/64.0"
192.168.1.21 - - [26/Dec/2018:16:57:13 +0800] "POST /examcount/reflush HTTP/1.1" 200 27 "http://192.168.1.21:63341/exam_prompt.html?code=F973A22CBDA8615BD32A9595B96408E8E61D34140DFAB6A1D5FB209B4BFE0966" "Mozilla/5.0 (Windows NT 6.1; Win64; x64) AppleWebKit/537.36 (KHTML, like Gecko) Chrome/67.0.3396.99 Safari/537.36"
192.168.1.207 - - [26/Dec/2018:16:57:14 +0800] "POST /examcount/reflush HTTP/1.1" 200 27 "http://192.168.1.21:63341/exam_prompt.html" "Mozilla/5.0 (Windows NT 10.0; Win64; x64; rv:64.0) Gecko/20100101 Firefox/64.0"
192.168.1.21 - - [26/Dec/2018:16:57:18 +0800] "POST /examcount/reflush HTTP/1.1" 200 27 "http://192.168.1.21:63341/exam_prompt.html?code=F973A22CBDA8615BD32A9595B96408E8E61D34140DFAB6A1D5FB209B4BFE0966" "Mozilla/5.0 (Windows NT 6.1; Win64; x64) AppleWebKit/537.36 (KHTML, like Gecko) Chrome/67.0.3396.99 Safari/537.36"
192.168.1.207 - - [26/Dec/2018:16:57:19 +0800] "POST /examcount/reflush HTTP/1.1" 200 27 "http://192.168.1.21:63341/exam_prompt.html" "Mozilla/5.0 (Windows NT 10.0; Win64; x64; rv:64.0) Gecko/20100101 Firefox/64.0"
192.168.1.21 - - [26/Dec/2018:16:57:23 +0800] "POST /examcount/reflush HTTP/1.1" 200 27 "http://192.168.1.21:63341/exam_prompt.html?code=F973A22CBDA8615BD32A9595B96408E8E61D34140DFAB6A1D5FB209B4BFE0966" "Mozilla/5.0 (Windows NT 6.1; Win64; x64) AppleWebKit/537.36 (KHTML, like Gecko) Chrome/67.0.3396.99 Safari/537.36"
192.168.1.207 - - [26/Dec/2018:16:57:24 +0800] "POST /examcount/reflush HTTP/1.1" 200 27 "http://192.168.1.21:63341/exam_prompt.html" "Mozilla/5.0 (Windows NT 10.0; Win64; x64; rv:64.0) Gecko/20100101 Firefox/64.0"
192.168.1.21 - - [26/Dec/2018:16:57:28 +0800] "POST /examcount/reflush HTTP/1.1" 200 27 "http://192.168.1.21:63341/exam_prompt.html?code=F973A22CBDA8615BD32A9595B96408E8E61D34140DFAB6A1D5FB209B4BFE0966" "Mozilla/5.0 (Windows NT 6.1; Win64; x64) AppleWebKit/537.36 (KHTML, like Gecko) Chrome/67.0.3396.99 Safari/537.36"
192.168.1.207 - - [26/Dec/2018:16:57:29 +0800] "POST /examcount/reflush HTTP/1.1" 200 27 "http://192.168.1.21:63341/exam_prompt.html" "Mozilla/5.0 (Windows NT 10.0; Win64; x64; rv:64.0) Gecko/20100101 Firefox/64.0"
192.168.1.21 - - [26/Dec/2018:16:57:33 +0800] "POST /examcount/reflush HTTP/1.1" 200 27 "http://192.168.1.21:63341/exam_prompt.html?code=F973A22CBDA8615BD32A9595B96408E8E61D34140DFAB6A1D5FB209B4BFE0966" "Mozilla/5.0 (Windows NT 6.1; Win64; x64) AppleWebKit/537.36 (KHTML, like Gecko) Chrome/67.0.3396.99 Safari/537.36"
192.168.1.207 - - [26/Dec/2018:16:57:34 +0800] "POST /examcount/reflush HTTP/1.1" 200 27 "http://192.168.1.21:63341/exam_prompt.html" "Mozilla/5.0 (Windows NT 10.0; Win64; x64; rv:64.0) Gecko/20100101 Firefox/64.0"
192.168.1.21 - - [26/Dec/2018:16:57:38 +0800] "POST /examcount/reflush HTTP/1.1" 200 27 "http://192.168.1.21:63341/exam_prompt.html?code=F973A22CBDA8615BD32A9595B96408E8E61D34140DFAB6A1D5FB209B4BFE0966" "Mozilla/5.0 (Windows NT 6.1; Win64; x64) AppleWebKit/537.36 (KHTML, like Gecko) Chrome/67.0.3396.99 Safari/537.36"
192.168.1.207 - - [26/Dec/2018:16:57:39 +0800] "POST /examcount/reflush HTTP/1.1" 200 27 "http://192.168.1.21:63341/exam_prompt.html" "Mozilla/5.0 (Windows NT 10.0; Win64; x64; rv:64.0) Gecko/20100101 Firefox/64.0"
192.168.1.21 - - [26/Dec/2018:16:57:43 +0800] "POST /examcount/reflush HTTP/1.1" 200 27 "http://192.168.1.21:63341/exam_prompt.html?code=F973A22CBDA8615BD32A9595B96408E8E61D34140DFAB6A1D5FB209B4BFE0966" "Mozilla/5.0 (Windows NT 6.1; Win64; x64) AppleWebKit/537.36 (KHTML, like Gecko) Chrome/67.0.3396.99 Safari/537.36"
192.168.1.207 - - [26/Dec/2018:16:57:44 +0800] "POST /examcount/reflush HTTP/1.1" 200 27 "http://192.168.1.21:63341/exam_prompt.html" "Mozilla/5.0 (Windows NT 10.0; Win64; x64; rv:64.0) Gecko/20100101 Firefox/64.0"
192.168.1.21 - - [26/Dec/2018:16:57:48 +0800] "POST /examcount/reflush HTTP/1.1" 200 27 "http://192.168.1.21:63341/exam_prompt.html?code=F973A22CBDA8615BD32A9595B96408E8E61D34140DFAB6A1D5FB209B4BFE0966" "Mozilla/5.0 (Windows NT 6.1; Win64; x64) AppleWebKit/537.36 (KHTML, like Gecko) Chrome/67.0.3396.99 Safari/537.36"
192.168.1.207 - - [26/Dec/2018:16:57:49 +0800] "POST /examcount/reflush HTTP/1.1" 200 27 "http://192.168.1.21:63341/exam_prompt.html" "Mozilla/5.0 (Windows NT 10.0; Win64; x64; rv:64.0) Gecko/20100101 Firefox/64.0"
192.168.1.21 - - [26/Dec/2018:16:57:53 +0800] "POST /examcount/reflush HTTP/1.1" 200 27 "http://192.168.1.21:63341/exam_prompt.html?code=F973A22CBDA8615BD32A9595B96408E8E61D34140DFAB6A1D5FB209B4BFE0966" "Mozilla/5.0 (Windows NT 6.1; Win64; x64) AppleWebKit/537.36 (KHTML, like Gecko) Chrome/67.0.3396.99 Safari/537.36"
192.168.1.207 - - [26/Dec/2018:16:57:54 +0800] "POST /examcount/reflush HTTP/1.1" 200 27 "http://192.168.1.21:63341/exam_prompt.html" "Mozilla/5.0 (Windows NT 10.0; Win64; x64; rv:64.0) Gecko/20100101 Firefox/64.0"
192.168.1.21 - - [26/Dec/2018:16:57:58 +0800] "POST /examcount/reflush HTTP/1.1" 200 27 "http://192.168.1.21:63341/exam_prompt.html?code=F973A22CBDA8615BD32A9595B96408E8E61D34140DFAB6A1D5FB209B4BFE0966" "Mozilla/5.0 (Windows NT 6.1; Win64; x64) AppleWebKit/537.36 (KHTML, like Gecko) Chrome/67.0.3396.99 Safari/537.36"
192.168.1.207 - - [26/Dec/2018:16:57:59 +0800] "POST /examcount/reflush HTTP/1.1" 200 27 "http://192.168.1.21:63341/exam_prompt.html" "Mozilla/5.0 (Windows NT 10.0; Win64; x64; rv:64.0) Gecko/20100101 Firefox/64.0"
192.168.1.21 - - [26/Dec/2018:16:58:03 +0800] "POST /examcount/reflush HTTP/1.1" 200 27 "http://192.168.1.21:63341/exam_prompt.html?code=F973A22CBDA8615BD32A9595B96408E8E61D34140DFAB6A1D5FB209B4BFE0966" "Mozilla/5.0 (Windows NT 6.1; Win64; x64) AppleWebKit/537.36 (KHTML, like Gecko) Chrome/67.0.3396.99 Safari/537.36"
